Component: ARM Compiler 5.05 update 1 (build 106) Tool: armlink [4d3601]

==============================================================================

Section Cross References

    main.o(i.RTC_WKUP_IRQHandler) refers to stm32f4xx_rtc.o(i.RTC_GetITStatus) for RTC_GetITStatus
    main.o(i.RTC_WKUP_IRQHandler) refers to stm32f4xx_rtc.o(i.RTC_ClearITPendingBit) for RTC_ClearITPendingBit
    main.o(i.RTC_WKUP_IRQHandler) refers to stm32f4xx_exti.o(i.EXTI_ClearITPendingBit) for EXTI_ClearITPendingBit
    main.o(i.RTC_WKUP_IRQHandler) refers to main.o(.data) for .data
    main.o(i.USART1_IRQHandler) refers to stm32f4xx_usart.o(i.USART_GetITStatus) for USART_GetITStatus
    main.o(i.USART1_IRQHandler) refers to stm32f4xx_usart.o(i.USART_ReceiveData) for USART_ReceiveData
    main.o(i.USART1_IRQHandler) refers to stm32f4xx_usart.o(i.USART_ClearITPendingBit) for USART_ClearITPendingBit
    main.o(i.USART1_IRQHandler) refers to main.o(.bss) for .bss
    main.o(i.USART1_IRQHandler) refers to main.o(.data) for .data
    main.o(i.USART2_IRQHandler) refers to stm32f4xx_usart.o(i.USART_GetITStatus) for USART_GetITStatus
    main.o(i.USART2_IRQHandler) refers to stm32f4xx_usart.o(i.USART_ReceiveData) for USART_ReceiveData
    main.o(i.USART2_IRQHandler) refers to stm32f4xx_usart.o(i.USART_SendData) for USART_SendData
    main.o(i.USART2_IRQHandler) refers to stm32f4xx_usart.o(i.USART_GetFlagStatus) for USART_GetFlagStatus
    main.o(i.USART2_IRQHandler) refers to stm32f4xx_usart.o(i.USART_ClearITPendingBit) for USART_ClearITPendingBit
    main.o(i.USART2_IRQHandler) refers to init_usart.o(.data) for g_usart2_rx_cnt
    main.o(i.USART2_IRQHandler) refers to init_usart.o(.bss) for g_usart2_rx_buf
    main.o(i.USART2_IRQHandler) refers to init_usart.o(.data) for g_usart2_rx_end
    main.o(i.USART3_IRQHandler) refers to stm32f4xx_usart.o(i.USART_GetITStatus) for USART_GetITStatus
    main.o(i.USART3_IRQHandler) refers to stm32f4xx_usart.o(i.USART_ReceiveData) for USART_ReceiveData
    main.o(i.USART3_IRQHandler) refers to stm32f4xx_usart.o(i.USART_GetFlagStatus) for USART_GetFlagStatus
    main.o(i.USART3_IRQHandler) refers to stm32f4xx_usart.o(i.USART_ClearITPendingBit) for USART_ClearITPendingBit
    main.o(i.USART3_IRQHandler) refers to main.o(.data) for .data
    main.o(i.USART3_IRQHandler) refers to main.o(.bss) for .bss
    main.o(i.main) refers to _printf_percent.o(.ARM.Collect$$_printf_percent$$00000000) for _printf_percent
    main.o(i.main) refers to _printf_d.o(.ARM.Collect$$_printf_percent$$00000009) for _printf_d
    main.o(i.main) refers to _printf_dec.o(.text) for _printf_int_dec
    main.o(i.main) refers to includes.o(i.INIT_FUNC) for INIT_FUNC
    main.o(i.main) refers to delay.o(i.delay_xms) for delay_xms
    main.o(i.main) refers to __2printf.o(.text) for __2printf
    main.o(i.main) refers to sfm.o(i.sfm_get_user_total) for sfm_get_user_total
    main.o(i.main) refers to oled.o(i.OLED_Clear) for OLED_Clear
    main.o(i.main) refers to includes.o(i.Display_start) for Display_start
    main.o(i.main) refers to sg90.o(i.sg_angle) for sg_angle
    main.o(i.main) refers to mfrc522.o(i.MFRC522_Initializtion) for MFRC522_Initializtion
    main.o(i.main) refers to key.o(i.exti_key_sta_get) for exti_key_sta_get
    main.o(i.main) refers to oled.o(i.OLED_ShowCHinese) for OLED_ShowCHinese
    main.o(i.main) refers to oled.o(i.OLED_ShowString) for OLED_ShowString
    main.o(i.main) refers to key.o(i.loop_get_key_sta) for loop_get_key_sta
    main.o(i.main) refers to includes.o(i.add_sfm_admin) for add_sfm_admin
    main.o(i.main) refers to includes.o(i.display) for display
    main.o(i.main) refers to includes.o(i.del_sfm_admin) for del_sfm_admin
    main.o(i.main) refers to includes.o(i.get_sfm_admin) for get_sfm_admin
    main.o(i.main) refers to stm32f4xx_flash.o(i.FLASH_Unlock) for FLASH_Unlock
    main.o(i.main) refers to stm32f4xx_flash.o(i.FLASH_ClearFlag) for FLASH_ClearFlag
    main.o(i.main) refers to includes.o(i.flash_read_record) for flash_read_record
    main.o(i.main) refers to strstr.o(.text) for strstr
    main.o(i.main) refers to printf.o(.text) for printf
    main.o(i.main) refers to includes.o(i.Display_menu) for Display_menu
    main.o(i.main) refers to key.o(i.get_key_status) for get_key_status
    main.o(i.main) refers to includes.o(i.Display_func) for Display_func
    main.o(i.main) refers to sfm.o(i.delay_ms) for delay_ms
    main.o(i.main) refers to main.o(.data) for .data
    main.o(i.main) refers to main.o(.bss) for .bss
    main.o(i.main) refers to includes.o(i.usart_str_load) for usart_str_load
    includes.o(i.Display_func) refers to _printf_percent.o(.ARM.Collect$$_printf_percent$$00000000) for _printf_percent
    includes.o(i.Display_func) refers to _printf_d.o(.ARM.Collect$$_printf_percent$$00000009) for _printf_d
    includes.o(i.Display_func) refers to _printf_s.o(.ARM.Collect$$_printf_percent$$00000014) for _printf_s
[...]
    _signal_finish                            - Undefined Weak Reference
    _signal_init                              - Undefined Weak Reference
    _terminate_alloc                          - Undefined Weak Reference
    _terminate_user_alloc                     - Undefined Weak Reference
    _terminateio                              - Undefined Weak Reference
    __Vectors_Size                           0x00000188   Number         0  startup_stm32f40_41xxx.o ABSOLUTE
    __Vectors                                0x08000000   Data           4  startup_stm32f40_41xxx.o(RESET)
    __Vectors_End                            0x08000188   Data           0  startup_stm32f40_41xxx.o(RESET)
    __main                                   0x08000189   Thumb Code     8  __main.o(!!!main)
    __scatterload                            0x08000191   Thumb Code     0  __scatter.o(!!!scatter)
    __scatterload_rt2                        0x08000191   Thumb Code    44  __scatter.o(!!!scatter)
    __scatterload_rt2_thumb_only             0x08000191   Thumb Code     0  __scatter.o(!!!scatter)
    __scatterload_null                       0x0800019f   Thumb Code     0  __scatter.o(!!!scatter)
    __decompress                             0x080001c5   Thumb Code   100  __dclz77c.o(!!dclz77c)
    __decompress2                            0x080001c5   Thumb Code     0  __dclz77c.o(!!dclz77c)
    __scatterload_zeroinit                   0x08000229   Thumb Code    28  __scatter_zi.o(!!handler_zi)
    _printf_n                                0x08000245   Thumb Code     0  _printf_n.o(.ARM.Collect$$_printf_percent$$00000001)
    _printf_percent                          0x08000245   Thumb Code     0  _printf_percent.o(.ARM.Collect$$_printf_percent$$00000000)
    _printf_p                                0x0800024b   Thumb Code     0  _printf_p.o(.ARM.Collect$$_printf_percent$$00000002)
    _printf_f                                0x08000251   Thumb Code     0  _printf_f.o(.ARM.Collect$$_printf_percent$$00000003)
    _printf_e                                0x08000257   Thumb Code     0  _printf_e.o(.ARM.Collect$$_printf_percent$$00000004)
    _printf_g                                0x0800025d   Thumb Code     0  _printf_g.o(.ARM.Collect$$_printf_percent$$00000005)
    _printf_a                                0x08000263   Thumb Code     0  _printf_a.o(.ARM.Collect$$_printf_percent$$00000006)
    _printf_ll                               0x08000269   Thumb Code     0  _printf_ll.o(.ARM.Collect$$_printf_percent$$00000007)
    _printf_i                                0x08000273   Thumb Code     0  _printf_i.o(.ARM.Collect$$_printf_percent$$00000008)
    _printf_d                                0x08000279   Thumb Code     0  _printf_d.o(.ARM.Collect$$_printf_percent$$00000009)
    _printf_u                                0x0800027f   Thumb Code     0  _printf_u.o(.ARM.Collect$$_printf_percent$$0000000A)
    _printf_o                                0x08000285   Thumb Code     0  _printf_o.o(.ARM.Collect$$_printf_percent$$0000000B)
    _printf_x                                0x0800028b   Thumb Code     0  _printf_x.o(.ARM.Collect$$_printf_percent$$0000000C)
    _printf_lli                              0x08000291   Thumb Code     0  _printf_lli.o(.ARM.Collect$$_printf_percent$$0000000D)
    _printf_lld                              0x08000297   Thumb Code     0  _printf_lld.o(.ARM.Collect$$_printf_percent$$0000000E)
    _printf_llu                              0x0800029d   Thumb Code     0  _printf_llu.o(.ARM.Collect$$_printf_percent$$0000000F)
    _printf_llo                              0x080002a3   Thumb Code     0  _printf_llo.o(.ARM.Collect$$_printf_percent$$00000010)
    _printf_llx                              0x080002a9   Thumb Code     0  _printf_llx.o(.ARM.Collect$$_printf_percent$$00000011)
    _printf_l                                0x080002af   Thumb Code     0  _printf_l.o(.ARM.Collect$$_printf_percent$$00000012)
    _printf_c                                0x080002b9   Thumb Code     0  _printf_c.o(.ARM.Collect$$_printf_percent$$00000013)
    _printf_s                                0x080002bf   Thumb Code     0  _printf_s.o(.ARM.Collect$$_printf_percent$$00000014)
    _printf_lc                               0x080002c5   Thumb Code     0  _printf_lc.o(.ARM.Collect$$_printf_percent$$00000015)
    _printf_ls                               0x080002cb   Thumb Code     0  _printf_ls.o(.ARM.Collect$$_printf_percent$$00000016)
    _printf_percent_end                      0x080002d1   Thumb Code     0  _printf_percent_end.o(.ARM.Collect$$_printf_percent$$00000017)
    __rt_lib_init                            0x080002d5   Thumb Code     0  libinit.o(.ARM.Collect$$libinit$$00000000)
    __rt_lib_init_fp_1                       0x080002d7   Thumb Code     0  libinit2.o(.ARM.Collect$$libinit$$00000001)
    __rt_lib_init_heap_1                     0x080002db   Thumb Code     0  libinit2.o(.ARM.Collect$$libinit$$0000000A)
    __rt_lib_init_preinit_1                  0x080002db   Thumb Code     0  libinit2.o(.ARM.Collect$$libinit$$00000004)
    __rt_lib_init_rand_2                     0x080002db   Thumb Code     0  libinit2.o(.ARM.Collect$$libinit$$0000000D)
    __rt_lib_init_user_alloc_1               0x080002db   Thumb Code     0  libinit2.o(.ARM.Collect$$libinit$$0000000C)
    __rt_lib_init_lc_common                  0x080002df   Thumb Code     0  libinit2.o(.ARM.Collect$$libinit$$0000000F)
    __rt_lib_init_rand_1                     0x080002df   Thumb Code     0  libinit2.o(.ARM.Collect$$libinit$$0000000E)
    __rt_lib_init_lc_collate_1               0x080002e5   Thumb Code     0  libinit2.o(.ARM.Collect$$libinit$$00000011)
    __rt_lib_init_lc_ctype_2                 0x080002e5   Thumb Code     0  libinit2.o(.ARM.Collect$$libinit$$00000012)
    __rt_lib_init_lc_ctype_1                 0x080002f1   Thumb Code     0  libinit2.o(.ARM.Collect$$libinit$$00000013)
    __rt_lib_init_lc_monetary_1              0x080002f1   Thumb Code     0  libinit2.o(.ARM.Collect$$libinit$$00000015)
    __rt_lib_init_lc_numeric_2               0x080002f1   Thumb Code     0  libinit2.o(.ARM.Collect$$libinit$$00000016)
    __rt_lib_init_alloca_1                   0x080002fb   Thumb Code     0  libinit2.o(.ARM.Collect$$libinit$$0000002E)
    __rt_lib_init_argv_1                     0x080002fb   Thumb Code     0  libinit2.o(.ARM.Collect$$libinit$$0000002C)
    __rt_lib_init_atexit_1                   0x080002fb   Thumb Code     0  libinit2.o(.ARM.Collect$$libinit$$0000001B)
    __rt_lib_init_clock_1                    0x080002fb   Thumb Code     0  libinit2.o(.ARM.Collect$$libinit$$00000021)
    __rt_lib_init_cpp_1                      0x080002fb   Thumb Code     0  libinit2.o(.ARM.Collect$$libinit$$00000032)
    __rt_lib_init_exceptions_1               0x080002fb   Thumb Code     0  libinit2.o(.ARM.Collect$$libinit$$00000030)
    __rt_lib_init_fp_trap_1                  0x080002fb   Thumb Code     0  libinit2.o(.ARM.Collect$$libinit$$0000001F)
    __rt_lib_init_getenv_1                   0x080002fb   Thumb Code     0  libinit2.o(.ARM.Collect$$libinit$$00000023)
    __rt_lib_init_lc_numeric_1               0x080002fb   Thumb Code     0  libinit2.o(.ARM.Collect$$libinit$$00000017)
    __rt_lib_init_lc_time_1                  0x080002fb   Thumb Code     0  libinit2.o(.ARM.Collect$$libinit$$00000019)
    __rt_lib_init_return                     0x080002fb   Thumb Code     0  libinit2.o(.ARM.Collect$$libinit$$00000033)
    __rt_lib_init_signal_1                   0x080002fb   Thumb Code     0  libinit2.o(.ARM.Collect$$libinit$$0000001D)
    __rt_lib_init_stdio_1                    0x080002fb   Thumb Code     0  libinit2.o(.ARM.Collect$$libinit$$00000025)
    __rt_lib_shutdown                        0x080002fd   Thumb Code     0  libshutdown.o(.ARM.Collect$$libshutdown$$00000000)
    __rt_lib_shutdown_fp_trap_1              0x080002ff   Thumb Code     0  libshutdown2.o(.ARM.Collect$$libshutdown$$00000006)
    __rt_lib_shutdown_heap_1                 0x080002ff   Thumb Code     0  libshutdown2.o(.ARM.Collect$$libshutdown$$0000000E)
    __rt_lib_shutdown_return                 0x080002ff   Thumb Code     0  libshutdown2.o(.ARM.Collect$$libshutdown$$0000000F)
    __rt_lib_shutdown_signal_1               0x080002ff   Thumb Code     0  libshutdown2.o(.ARM.Collect$$libshutdown$$00000009)
    __rt_lib_shutdown_stdio_1                0x080002ff   Thumb Code     0  libshutdown2.o(.ARM.Collect$$libshutdown$$00000003)
    __rt_lib_shutdown_user_alloc_1           0x080002ff   Thumb Code     0  libshutdown2.o(.ARM.Collect$$libshutdown$$0000000B)
    __rt_entry                               0x08000301   Thumb Code     0  __rtentry.o(.ARM.Collect$$rtentry$$00000000)
    __rt_entry_presh_1                       0x08000301   Thumb Code     0  __rtentry2.o(.ARM.Collect$$rtentry$$00000002)
    __rt_entry_sh                            0x08000301   Thumb Code     0  __rtentry4.o(.ARM.Collect$$rtentry$$00000004)
    __rt_entry_li                            0x08000307   Thumb Code     0  __rtentry2.o(.ARM.Collect$$rtentry$$0000000A)
    __rt_entry_postsh_1                      0x08000307   Thumb Code     0  __rtentry2.o(.ARM.Collect$$rtentry$$00000009)
    __rt_entry_main                          0x0800030b   Thumb Code     0  __rtentry2.o(.ARM.Collect$$rtentry$$0000000D)
    __rt_entry_postli_1                      0x0800030b   Thumb Code     0  __rtentry2.o(.ARM.Collect$$rtentry$$0000000C)
    __rt_exit                                0x08000313   Thumb Code     0  rtexit.o(.ARM.Collect$$rtexit$$00000000)
    __rt_exit_ls                             0x08000315   Thumb Code     0  rtexit2.o(.ARM.Collect$$rtexit$$00000003)
    __rt_exit_prels_1                        0x08000315   Thumb Code     0  rtexit2.o(.ARM.Collect$$rtexit$$00000002)
    __rt_exit_exit                           0x08000319   Thumb Code     0  rtexit2.o(.ARM.Collect$$rtexit$$00000004)
    rand                                     0x08000321   Thumb Code    48  rand.o(.emb_text)
    Reset_Handler                            0x08000355   Thumb Code     8  startup_stm32f40_41xxx.o(.text)
    NMI_Handler                              0x0800035d   Thumb Code     2  startup_stm32f40_41xxx.o(.text)
    HardFault_Handler                        0x0800035f   Thumb Code     2  startup_stm32f40_41xxx.o(.text)
    MemManage_Handler                        0x08000361   Thumb Code     2  startup_stm32f40_41xxx.o(.text)
    BusFault_Handler                         0x08000363   Thumb Code     2  startup_stm32f40_41xxx.o(.text)
    UsageFault_Handler                       0x08000365   Thumb Code     2  startup_stm32f40_41xxx.o(.text)
    SVC_Handler                              0x08000367   Thumb Code     2  startup_stm32f40_41xxx.o(.text)
    DebugMon_Handler                         0x08000369   Thumb Code     2  startup_stm32f40_41xxx.o(.text)
    PendSV_Handler                           0x0800036b   Thumb Code     2  startup_stm32f40_41xxx.o(.text)
    SysTick_Handler                          0x0800036d   Thumb Code     2  startup_stm32f40_41xxx.o(.text)
    ADC_IRQHandler                           0x0800036f   Thumb Code     0  startup_stm32f40_41xxx.o(.text)
    CAN1_RX0_IRQHandler                      0x0800036f   Thumb Code     0  startup_stm32f40_41xxx.o(.text)
    CAN1_RX1_IRQHandler                      0x0800036f   Thumb Code     0  startup_stm32f40_41xxx.o(.text)
    CAN1_SCE_IRQHandler                      0x0800036f   Thumb Code     0  startup_stm32f40_41xxx.o(.text)
    CAN1_TX_IRQHandler                       0x0800036f   Thumb Code     0  startup_stm32f40_41xxx.o(.text)
    CAN2_RX0_IRQHandler                      0x0800036f   Thumb Code     0  startup_stm32f40_41xxx.o(.text)
    CAN2_RX1_IRQHandler                      0x0800036f   Thumb Code     0  startup_stm32f40_41xxx.o(.text)
    CAN2_SCE_IRQHandler                      0x0800036f   Thumb Code     0  startup_stm32f40_41xxx.o(.text)
    CAN2_TX_IRQHandler                       0x0800036f   Thumb Code     0  startup_stm32f40_41xxx.o(.text)
    CRYP_IRQHandler                          0x0800036f   Thumb Code     0  startup_stm32f40_41xxx.o(.text)
    DCMI_IRQHandler                          0x0800036f   Thumb Code     0  startup_stm32f40_41xxx.o(.text)
    DMA1_Stream0_IRQHandler                  0x0800036f   Thumb Code     0  startup_stm32f40_41xxx.o(.text)
    DMA1_Stream1_IRQHandler                  0x0800036f   Thumb Code     0  startup_stm32f40_41xxx.o(.text)
    DMA1_Stream2_IRQHandler                  0x0800036f   Thumb Code     0  startup_stm32f40_41xxx.o(.text)
    DMA1_Stream3_IRQHandler                  0x0800036f   Thumb Code     0  startup_stm32f40_41xxx.o(.text)
    DMA1_Stream4_IRQHandler                  0x0800036f   Thumb Code     0  startup_stm32f40_41xxx.o(.text)
    DMA1_Stream5_IRQHandler                  0x0800036f   Thumb Code     0  startup_stm32f40_41xxx.o(.text)
    DMA1_Stream6_IRQHandler                  0x0800036f   Thumb Code     0  startup_stm32f40_41xxx.o(.text)
    DMA1_Stream7_IRQHandler                  0x0800036f   Thumb Code     0  startup_stm32f40_41xxx.o(.text)
    DMA2_Stream0_IRQHandler                  0x0800036f   Thumb Code     0  startup_stm32f40_41xxx.o(.text)
    DMA2_Stream1_IRQHandler                  0x0800036f   Thumb Code     0  startup_stm32f40_41xxx.o(.text)
    DMA2_Stream2_IRQHandler                  0x0800036f   Thumb Code     0  startup_stm32f40_41xxx.o(.text)
    DMA2_Stream3_IRQHandler                  0x0800036f   Thumb Code     0  startup_stm32f40_41xxx.o(.text)
    DMA2_Stream4_IRQHandler                  0x0800036f   Thumb Code     0  startup_stm32f40_41xxx.o(.text)
    DMA2_Stream5_IRQHandler                  0x0800036f   Thumb Code     0  startup_stm32f40_41xxx.o(.text)
    DMA2_Stream6_IRQHandler                  0x0800036f   Thumb Code     0  startup_stm32f40_41xxx.o(.text)
    DMA2_Stream7_IRQHandler                  0x0800036f   Thumb Code     0  startup_stm32f40_41xxx.o(.text)
    ETH_IRQHandler                           0x0800036f   Thumb Code     0  startup_stm32f40_41xxx.o(.text)
    ETH_WKUP_IRQHandler                      0x0800036f   Thumb Code     0  startup_stm32f40_41xxx.o(.text)
    EXTI0_IRQHandler                         0x0800036f   Thumb Code     0  startup_stm32f40_41xxx.o(.text)
    EXTI15_10_IRQHandler                     0x0800036f   Thumb Code     0  startup_stm32f40_41xxx.o(.text)
    EXTI1_IRQHandler                         0x0800036f   Thumb Code     0  startup_stm32f40_41xxx.o(.text)
    EXTI2_IRQHandler                         0x0800036f   Thumb Code     0  startup_stm32f40_41xxx.o(.text)
    EXTI3_IRQHandler                         0x0800036f   Thumb Code     0  startup_stm32f40_41xxx.o(.text)
    EXTI4_IRQHandler                         0x0800036f   Thumb Code     0  startup_stm32f40_41xxx.o(.text)
    EXTI9_5_IRQHandler                       0x0800036f   Thumb Code     0  startup_stm32f40_41xxx.o(.text)
    FLASH_IRQHandler                         0x0800036f   Thumb Code     0  startup_stm32f40_41xxx.o(.text)
    FPU_IRQHandler                           0x0800036f   Thumb Code     0  startup_stm32f40_41xxx.o(.text)
    FSMC_IRQHandler                          0x0800036f   Thumb Code     0  startup_stm32f40_41xxx.o(.text)
    HASH_RNG_IRQHandler                      0x0800036f   Thumb Code     0  startup_stm32f40_41xxx.o(.text)
    I2C1_ER_IRQHandler                       0x0800036f   Thumb Code     0  startup_stm32f40_41xxx.o(.text)
    I2C1_EV_IRQHandler                       0x0800036f   Thumb Code     0  startup_stm32f40_41xxx.o(.text)
    I2C2_ER_IRQHandler                       0x0800036f   Thumb Code     0  startup_stm32f40_41xxx.o(.text)
    I2C2_EV_IRQHandler                       0x0800036f   Thumb Code     0  startup_stm32f40_41xxx.o(.text)
    I2C3_ER_IRQHandler                       0x0800036f   Thumb Code     0  startup_stm32f40_41xxx.o(.text)
    I2C3_EV_IRQHandler                       0x0800036f   Thumb Code     0  startup_stm32f40_41xxx.o(.text)
    OTG_FS_IRQHandler                        0x0800036f   Thumb Code     0  startup_stm32f40_41xxx.o(.text)
    OTG_FS_WKUP_IRQHandler                   0x0800036f   Thumb Code     0  startup_stm32f40_41xxx.o(.text)
    OTG_HS_EP1_IN_IRQHandler                 0x0800036f   Thumb Code     0  startup_stm32f40_41xxx.o(.text)
    OTG_HS_EP1_OUT_IRQHandler                0x0800036f   Thumb Code     0  startup_stm32f40_41xxx.o(.text)
    OTG_HS_IRQHandler                        0x0800036f   Thumb Code     0  startup_stm32f40_41xxx.o(.text)
    OTG_HS_WKUP_IRQHandler                   0x0800036f   Thumb Code     0  startup_stm32f40_41xxx.o(.text)
    PVD_IRQHandler                           0x0800036f   Thumb Code     0  startup_stm32f40_41xxx.o(.text)
    RCC_IRQHandler                           0x0800036f   Thumb Code     0  startup_stm32f40_41xxx.o(.text)
    RTC_Alarm_IRQHandler                     0x0800036f   Thumb Code     0  startup_stm32f40_41xxx.o(.text)
    SDIO_IRQHandler                          0x0800036f   Thumb Code     0  startup_stm32f40_41xxx.o(.text)
    SPI1_IRQHandler                          0x0800036f   Thumb Code     0  startup_stm32f40_41xxx.o(.text)
    SPI2_IRQHandler                          0x0800036f   Thumb Code     0  startup_stm32f40_41xxx.o(.text)
    SPI3_IRQHandler                          0x0800036f   Thumb Code     0  startup_stm32f40_41xxx.o(.text)
    TAMP_STAMP_IRQHandler                    0x0800036f   Thumb Code     0  startup_stm32f40_41xxx.o(.text)
    TIM1_BRK_TIM9_IRQHandler                 0x0800036f   Thumb Code     0  startup_stm32f40_41xxx.o(.text)
    TIM1_CC_IRQHandler                       0x0800036f   Thumb Code     0  startup_stm32f40_41xxx.o(.text)
    TIM1_TRG_COM_TIM11_IRQHandler            0x0800036f   Thumb Code     0  startup_stm32f40_41xxx.o(.text)
    TIM1_UP_TIM10_IRQHandler                 0x0800036f   Thumb Code     0  startup_stm32f40_41xxx.o(.text)
    TIM2_IRQHandler                          0x0800036f   Thumb Code     0  startup_stm32f40_41xxx.o(.text)
    TIM3_IRQHandler                          0x0800036f   Thumb Code     0  startup_stm32f40_41xxx.o(.text)
    TIM4_IRQHandler                          0x0800036f   Thumb Code     0  startup_stm32f40_41xxx.o(.text)
    TIM5_IRQHandler                          0x0800036f   Thumb Code     0  startup_stm32f40_41xxx.o(.text)
    TIM6_DAC_IRQHandler                      0x0800036f   Thumb Code     0  startup_stm32f40_41xxx.o(.text)
    TIM7_IRQHandler                          0x0800036f   Thumb Code     0  startup_stm32f40_41xxx.o(.text)
    TIM8_BRK_TIM12_IRQHandler                0x0800036f   Thumb Code     0  startup_stm32f40_41xxx.o(.text)
    TIM8_CC_IRQHandler                       0x0800036f   Thumb Code     0  startup_stm32f40_41xxx.o(.text)
    TIM8_TRG_COM_TIM14_IRQHandler            0x0800036f   Thumb Code     0  startup_stm32f40_41xxx.o(.text)
    TIM8_UP_TIM13_IRQHandler                 0x0800036f   Thumb Code     0  startup_stm32f40_41xxx.o(.text)
    UART4_IRQHandler                         0x0800036f   Thumb Code     0  startup_stm32f40_41xxx.o(.text)
    UART5_IRQHandler                         0x0800036f   Thumb Code     0  startup_stm32f40_41xxx.o(.text)
    USART6_IRQHandler                        0x0800036f   Thumb Code     0  startup_stm32f40_41xxx.o(.text)
    WWDG_IRQHandler                          0x0800036f   Thumb Code     0  startup_stm32f40_41xxx.o(.text)
    __user_initial_stackheap                 0x08000371   Thumb Code     0  startup_stm32f40_41xxx.o(.text)
    __I$use$semihosting                      0x08000395   Thumb Code     0  use_no_semi.o(.text)
    __use_no_semihosting_swi                 0x08000395   Thumb Code     2  use_no_semi.o(.text)
    printf                                   0x08000399   Thumb Code    20  printf.o(.text)
    __2printf                                0x080003b1   Thumb Code    20  __2printf.o(.text)
    __2sprintf                               0x080003c9   Thumb Code    38  __2sprintf.o(.text)
    _printf_pre_padding                      0x080003f5   Thumb Code    44  _printf_pad.o(.text)
    _printf_post_padding                     0x08000421   Thumb Code    34  _printf_pad.o(.text)
    _printf_str                              0x08000443   Thumb Code    82  _printf_str.o(.text)
    _printf_int_dec                          0x08000495   Thumb Code   104  _printf_dec.o(.text)
    _printf_longlong_hex                     0x0800050d   Thumb Code    86  _printf_hex_int_ll_ptr.o(.text)
    _printf_int_hex                          0x08000563   Thumb Code    28  _printf_hex_int_ll_ptr.o(.text)
    _printf_ll_hex                           0x0800057f   Thumb Code    12  _printf_hex_int_ll_ptr.o(.text)
    _printf_hex_ptr                          0x0800058b   Thumb Code    18  _printf_hex_int_ll_ptr.o(.text)
    __printf                                 0x080005a1   Thumb Code   388  __printf_flags_ss_wp.o(.text)
    atoi                                     0x08000729   Thumb Code    26  atoi.o(.text)
    srand                                    0x08000745   Thumb Code    42  rand.o(.text)
    _rand_init                               0x0800076f   Thumb Code     4  rand.o(.text)
    strtok                                   0x08000781   Thumb Code     6  strtok.o(.text)
    strstr                                   0x0800078d   Thumb Code    36  strstr.o(.text)
    memcmp                                   0x080007b1   Thumb Code    88  memcmp.o(.text)
    __aeabi_memclr                           0x08000809   Thumb Code     0  rt_memclr.o(.text)
    __rt_memclr                              0x08000809   Thumb Code    68  rt_memclr.o(.text)
    _memset                                  0x0800080d   Thumb Code     0  rt_memclr.o(.text)
    __aeabi_memclr4                          0x0800084d   Thumb Code     0  rt_memclr_w.o(.text)
    __aeabi_memclr8                          0x0800084d   Thumb Code     0  rt_memclr_w.o(.text)
    __rt_memclr_w                            0x0800084d   Thumb Code    78  rt_memclr_w.o(.text)
    _memset_w                                0x08000851   Thumb Code     0  rt_memclr_w.o(.text)
    __use_two_region_memory                  0x0800089b   Thumb Code     2  heapauxi.o(.text)
    __rt_heap_escrow$2region                 0x0800089d   Thumb Code     2  heapauxi.o(.text)
    __rt_heap_expand$2region                 0x0800089f   Thumb Code     2  heapauxi.o(.text)
    __aeabi_errno_addr                       0x080008a1   Thumb Code     8  rt_errno_addr_intlibspace.o(.text)
    __errno$intlibspace                      0x080008a1   Thumb Code     0  rt_errno_addr_intlibspace.o(.text)
    __rt_errno_addr$intlibspace              0x080008a1   Thumb Code     0  rt_errno_addr_intlibspace.o(.text)
    _printf_truncate_signed                  0x080008a9   Thumb Code    18  _printf_truncate.o(.text)
    _printf_truncate_unsigned                0x080008bb   Thumb Code    18  _printf_truncate.o(.text)
    _printf_int_common                       0x080008cd   Thumb Code   178  _printf_intcommon.o(.text)
    _printf_charcount                        0x0800097f   Thumb Code    40  _printf_charcount.o(.text)
    _printf_char_common                      0x080009b3   Thumb Code    32  _printf_char_common.o(.text)
    _sputc                                   0x080009d9   Thumb Code    10  _sputc.o(.text)
    _printf_cs_common                        0x080009e3   Thumb Code    20  _printf_char.o(.text)
    _printf_char                             0x080009f7   Thumb Code    16  _printf_char.o(.text)
    _printf_string                           0x08000a07   Thumb Code     8  _printf_char.o(.text)
    _printf_char_file                        0x08000a11   Thumb Code    32  _printf_char_file.o(.text)
    _printf_wctomb                           0x08000a35   Thumb Code   182  _printf_wctomb.o(.text)
    _printf_longlong_dec                     0x08000af1   Thumb Code   108  _printf_longlong_dec.o(.text)
    _printf_longlong_oct                     0x08000b6d   Thumb Code    68  _printf_oct_int_ll.o(.text)
    _printf_int_oct                          0x08000bb1   Thumb Code    24  _printf_oct_int_ll.o(.text)
    _printf_ll_oct                           0x08000bc9   Thumb Code    12  _printf_oct_int_ll.o(.text)
    strtol                                   0x08000bdd   Thumb Code   112  strtol.o(.text)
    __strtok_internal                        0x08000c4d   Thumb Code    64  strtok_int.o(.text)
    __user_libspace                          0x08000c91   Thumb Code     8  libspace.o(.text)
    __user_perproc_libspace                  0x08000c91   Thumb Code     0  libspace.o(.text)
    __user_perthread_libspace                0x08000c91   Thumb Code     0  libspace.o(.text)
    __rt_ctype_table                         0x08000c99   Thumb Code    16  rt_ctype_table.o(.text)
    _ll_udiv10                               0x08000ca9   Thumb Code   138  lludiv10.o(.text)
    __lib_sel_fp_printf                      0x08000d33   Thumb Code     2  _printf_fp_dec.o(.text)
    _printf_fp_dec_real                      0x08000ee1   Thumb Code   620  _printf_fp_dec.o(.text)
    _printf_fp_hex_real                      0x0800114d   Thumb Code   754  _printf_fp_hex.o(.text)
    _printf_lcs_common                       0x08001449   Thumb Code    20  _printf_wchar.o(.text)
    _printf_wchar                            0x0800145d   Thumb Code    16  _printf_wchar.o(.text)
    _printf_wstring                          0x0800146d   Thumb Code     8  _printf_wchar.o(.text)
    _strtoul                                 0x08001475   Thumb Code   158  _strtoul.o(.text)
    ferror                                   0x08001513   Thumb Code     8  ferror.o(.text)
    _wcrtomb                                 0x0800151b   Thumb Code    64  _wcrtomb.o(.text)
    strcspn                                  0x0800155b   Thumb Code    32  strcspn.o(.text)
    strspn                                   0x0800157b   Thumb Code    28  strspn.o(.text)
    __user_setup_stackheap                   0x08001597   Thumb Code    74  sys_stackheap_outer.o(.text)
    __rt_locale                              0x080015e1   Thumb Code     8  rt_locale_intlibspace.o(.text)
    _printf_fp_infnan                        0x080015e9   Thumb Code   112  _printf_fp_infnan.o(.text)
    _chval                                   0x08001669   Thumb Code    28  _chval.o(.text)
    _btod_etento                             0x08001685   Thumb Code   216  bigflt0.o(.text)
    exit                                     0x08001761   Thumb Code    12  exit.o(.text)
    strcmp                                   0x0800176d   Thumb Code   128  strcmpv7m.o(.text)
    _btod_d2e                                0x080017ed   Thumb Code    62  btod.o(CL$$btod_d2e)
    _d2e_denorm_low                          0x0800182b   Thumb Code    70  btod.o(CL$$btod_d2e_denorm_low)
    _d2e_norm_op1                            0x08001871   Thumb Code    96  btod.o(CL$$btod_d2e_norm_op1)
    __btod_div_common                        0x080018d1   Thumb Code   696  btod.o(CL$$btod_div_common)
    _e2e                                     0x08001c09   Thumb Code   198  btod.o(CL$$btod_e2e)
    _btod_ediv                               0x08001ccf   Thumb Code    40  btod.o(CL$$btod_ediv)
    _btod_emul                               0x08001cf7   Thumb Code    40  btod.o(CL$$btod_emul)
    __btod_mult_common                       0x08001d1f   Thumb Code   580  btod.o(CL$$btod_mult_common)
    AntennaOn                                0x08001f63   Thumb Code    26  mfrc522.o(i.AntennaOn)
    CalulateCRC                              0x08001f7d   Thumb Code   112  mfrc522.o(i.CalulateCRC)
    ClearBitMask                             0x08001fed   Thumb Code    24  mfrc522.o(i.ClearBitMask)
    DHT11_INIT                               0x08002005   Thumb Code    56  dht11.o(i.DHT11_INIT)
    Display_func                             0x08002049   Thumb Code  2692  includes.o(i.Display_func)
    Display_menu                             0x08002acd   Thumb Code   230  includes.o(i.Display_menu)
    Display_start                            0x08002bdd   Thumb Code   348  includes.o(i.Display_start)
    EXTI_ClearITPendingBit                   0x08002d6d   Thumb Code     6  stm32f4xx_exti.o(i.EXTI_ClearITPendingBit)
    EXTI_Init                                0x08002d79   Thumb Code   108  stm32f4xx_exti.o(i.EXTI_Init)
    FLASH_ClearFlag                          0x08002de9   Thumb Code     6  stm32f4xx_flash.o(i.FLASH_ClearFlag)
    FLASH_EraseSector                        0x08002df5   Thumb Code   104  stm32f4xx_flash.o(i.FLASH_EraseSector)
    FLASH_GetStatus                          0x08002e61   Thumb Code    56  stm32f4xx_flash.o(i.FLASH_GetStatus)
    FLASH_ProgramWord                        0x08002e9d   Thumb Code    56  stm32f4xx_flash.o(i.FLASH_ProgramWord)
    FLASH_Unlock                             0x08002ed9   Thumb Code    22  stm32f4xx_flash.o(i.FLASH_Unlock)
    FLASH_WaitForLastOperation               0x08002efd   Thumb Code    30  stm32f4xx_flash.o(i.FLASH_WaitForLastOperation)
    GPIO_Init                                0x08002f1b   Thumb Code   120  stm32f4xx_gpio.o(i.GPIO_Init)
    GPIO_PinAFConfig                         0x08002f93   Thumb Code    32  stm32f4xx_gpio.o(i.GPIO_PinAFConfig)
    GPIO_ReadInputDataBit                    0x08002fb3   Thumb Code    14  stm32f4xx_gpio.o(i.GPIO_ReadInputDataBit)
    GPIO_ResetBits                           0x08002fc1   Thumb Code     4  stm32f4xx_gpio.o(i.GPIO_ResetBits)
    GPIO_SetBits                             0x08002fc5   Thumb Code     4  stm32f4xx_gpio.o(i.GPIO_SetBits)
    GPIO_WriteBit                            0x08002fc9   Thumb Code    10  stm32f4xx_gpio.o(i.GPIO_WriteBit)
    GS_Read_Byte                             0x080031cd   Thumb Code    68  paj7620_iic.o(i.GS_Read_Byte)
    GS_Read_nByte                            0x08003211   Thumb Code    92  paj7620_iic.o(i.GS_Read_nByte)
    GS_WakeUp                                0x0800326d   Thumb Code    20  paj7620_iic.o(i.GS_WakeUp)
    GS_Write_Byte                            0x08003281   Thumb Code    58  paj7620_iic.o(i.GS_Write_Byte)
    GS_i2c_init                              0x080032bd   Thumb Code    58  paj7620_iic.o(i.GS_i2c_init)
    Gesture_test                             0x080032fd   Thumb Code   104  includes.o(i.Gesture_test)
    IIC_Start                                0x08003385   Thumb Code    58  oled.o(i.IIC_Start)
    IIC_Stop                                 0x080033c9   Thumb Code    46  oled.o(i.IIC_Stop)
    IIC_Wait_Ack                             0x08003401   Thumb Code    50  oled.o(i.IIC_Wait_Ack)
    INIT_FUNC                                0x0800343d   Thumb Code   192  includes.o(i.INIT_FUNC)
    Init_LED                                 0x080035c1   Thumb Code   162  init_led.o(i.Init_LED)
    MFRC522Test                              0x08003671   Thumb Code   256  mfrc522.o(i.MFRC522Test)
    MFRC522_Anticoll                         0x080037f9   Thumb Code    92  mfrc522.o(i.MFRC522_Anticoll)
    MFRC522_Auth                             0x08003855   Thumb Code    82  mfrc522.o(i.MFRC522_Auth)
    MFRC522_Initializtion                    0x080038a7   Thumb Code    74  mfrc522.o(i.MFRC522_Initializtion)
    MFRC522_Read                             0x080038f1   Thumb Code    50  mfrc522.o(i.MFRC522_Read)
    MFRC522_Request                          0x08003923   Thumb Code    46  mfrc522.o(i.MFRC522_Request)
    MFRC522_Reset                            0x08003951   Thumb Code    50  mfrc522.o(i.MFRC522_Reset)
    MFRC522_SelectTag                        0x08003989   Thumb Code   106  mfrc522.o(i.MFRC522_SelectTag)
    MFRC522_ToCard                           0x080039f3   Thumb Code   282  mfrc522.o(i.MFRC522_ToCard)
    MFRC522_Write                            0x08003b0d   Thumb Code   132  mfrc522.o(i.MFRC522_Write)
    NVIC_Init                                0x08003b91   Thumb Code    96  misc.o(i.NVIC_Init)
    NVIC_PriorityGroupConfig                 0x08003bf5   Thumb Code    10  misc.o(i.NVIC_PriorityGroupConfig)
    OLED_Clear                               0x08003c09   Thumb Code    58  oled.o(i.OLED_Clear)
    OLED_DrawBMP                             0x08003c43   Thumb Code    64  oled.o(i.OLED_DrawBMP)
    OLED_Init                                0x08003c85   Thumb Code   304  oled.o(i.OLED_Init)
    OLED_Set_Pos                             0x08003dc9   Thumb Code    42  oled.o(i.OLED_Set_Pos)
    OLED_ShowCHinese                         0x08003df5   Thumb Code    74  oled.o(i.OLED_ShowCHinese)
    OLED_ShowChar                            0x08003e45   Thumb Code   128  oled.o(i.OLED_ShowChar)
    OLED_ShowString                          0x08003ecd   Thumb Code    54  oled.o(i.OLED_ShowString)
    OLED_WR_Byte                             0x08003f03   Thumb Code    12  oled.o(i.OLED_WR_Byte)
    PWR_BackupAccessCmd                      0x08003f11   Thumb Code     6  stm32f4xx_pwr.o(i.PWR_BackupAccessCmd)
    RCC_AHB1PeriphClockCmd                   0x08003f1d   Thumb Code    18  stm32f4xx_rcc.o(i.RCC_AHB1PeriphClockCmd)
    RCC_APB1PeriphClockCmd                   0x08003f35   Thumb Code    18  stm32f4xx_rcc.o(i.RCC_APB1PeriphClockCmd)
    RCC_APB2PeriphClockCmd                   0x08003f4d   Thumb Code    18  stm32f4xx_rcc.o(i.RCC_APB2PeriphClockCmd)
    RCC_GetClocksFreq                        0x08003f65   Thumb Code   132  stm32f4xx_rcc.o(i.RCC_GetClocksFreq)
    RCC_GetFlagStatus                        0x08003ff5   Thumb Code    46  stm32f4xx_rcc.o(i.RCC_GetFlagStatus)
    RCC_LSICmd                               0x08004029   Thumb Code     6  stm32f4xx_rcc.o(i.RCC_LSICmd)
    RCC_RTCCLKCmd                            0x08004035   Thumb Code     6  stm32f4xx_rcc.o(i.RCC_RTCCLKCmd)
    RCC_RTCCLKConfig                         0x08004041   Thumb Code    40  stm32f4xx_rcc.o(i.RCC_RTCCLKConfig)
    RTC_CONFIG                               0x0800409d   Thumb Code   202  rtc.o(i.RTC_CONFIG)
    RTC_ClearITPendingBit                    0x08004171   Thumb Code    24  stm32f4xx_rtc.o(i.RTC_ClearITPendingBit)
    RTC_EnterInitMode                        0x0800418d   Thumb Code    56  stm32f4xx_rtc.o(i.RTC_EnterInitMode)
    RTC_ExitInitMode                         0x080041c9   Thumb Code    12  stm32f4xx_rtc.o(i.RTC_ExitInitMode)
    RTC_GetDate                              0x080041d9   Thumb Code    66  stm32f4xx_rtc.o(i.RTC_GetDate)
    RTC_GetITStatus                          0x08004225   Thumb Code    46  stm32f4xx_rtc.o(i.RTC_GetITStatus)
    RTC_GetTime                              0x0800425d   Thumb Code    70  stm32f4xx_rtc.o(i.RTC_GetTime)
    RTC_ITConfig                             0x080042ad   Thumb Code    60  stm32f4xx_rtc.o(i.RTC_ITConfig)
    RTC_Init                                 0x080042ed   Thumb Code    74  stm32f4xx_rtc.o(i.RTC_Init)
    RTC_RST_CONFIG                           0x0800433d   Thumb Code   182  rtc.o(i.RTC_RST_CONFIG)
    RTC_ReadBackupRegister                   0x080043fd   Thumb Code    14  stm32f4xx_rtc.o(i.RTC_ReadBackupRegister)
    RTC_SetDate                              0x08004411   Thumb Code   144  stm32f4xx_rtc.o(i.RTC_SetDate)
    RTC_SetTime                              0x080044a9   Thumb Code   150  stm32f4xx_rtc.o(i.RTC_SetTime)
    RTC_SetWakeUpCounter                     0x08004549   Thumb Code    22  stm32f4xx_rtc.o(i.RTC_SetWakeUpCounter)
    RTC_WKUP_IRQHandler                      0x08004565   Thumb Code    38  main.o(i.RTC_WKUP_IRQHandler)
    RTC_WaitForSynchro                       0x08004591   Thumb Code    70  stm32f4xx_rtc.o(i.RTC_WaitForSynchro)
    RTC_WakeUpClockConfig                    0x080045dd   Thumb Code    34  stm32f4xx_rtc.o(i.RTC_WakeUpClockConfig)
    RTC_WakeUpCmd                            0x08004605   Thumb Code    84  stm32f4xx_rtc.o(i.RTC_WakeUpCmd)
    RTC_WriteBackupRegister                  0x0800465d   Thumb Code    14  stm32f4xx_rtc.o(i.RTC_WriteBackupRegister)
    Read_MFRC522                             0x08004671   Thumb Code    38  mfrc522.o(i.Read_MFRC522)
    SPI3_Receive                             0x0800469d   Thumb Code     6  mfrc522.o(i.SPI3_Receive)
    STM32_SPI3_Init                          0x080046a5   Thumb Code   134  mfrc522.o(i.STM32_SPI3_Init)
    SetBitMask                               0x0800473d   Thumb Code    24  mfrc522.o(i.SetBitMask)
    SystemInit                               0x08004809   Thumb Code    74  system_stm32f4xx.o(i.SystemInit)
    TIM_ARRPreloadConfig                     0x08004865   Thumb Code    20  stm32f4xx_tim.o(i.TIM_ARRPreloadConfig)
    TIM_Cmd                                  0x08004879   Thumb Code    20  stm32f4xx_tim.o(i.TIM_Cmd)
    TIM_OC1Init                              0x0800488d   Thumb Code    88  stm32f4xx_tim.o(i.TIM_OC1Init)
    TIM_OC1PreloadConfig                     0x080048ed   Thumb Code    12  stm32f4xx_tim.o(i.TIM_OC1PreloadConfig)
    TIM_SetCompare1                          0x080048f9   Thumb Code     4  stm32f4xx_tim.o(i.TIM_SetCompare1)
    TIM_TimeBaseInit                         0x080048fd   Thumb Code    96  stm32f4xx_tim.o(i.TIM_TimeBaseInit)
    USART1_IRQHandler                        0x08004979   Thumb Code    70  main.o(i.USART1_IRQHandler)
    USART2_IRQHandler                        0x080049cd   Thumb Code    90  main.o(i.USART2_IRQHandler)
    USART3_IRQHandler                        0x08004a3d   Thumb Code    86  main.o(i.USART3_IRQHandler)
    USART_ClearFlag                          0x08004aa5   Thumb Code     6  stm32f4xx_usart.o(i.USART_ClearFlag)
    USART_ClearITPendingBit                  0x08004aab   Thumb Code    12  stm32f4xx_usart.o(i.USART_ClearITPendingBit)
    USART_Cmd                                0x08004ab7   Thumb Code    20  stm32f4xx_usart.o(i.USART_Cmd)
    USART_GetFlagStatus                      0x08004acb   Thumb Code    14  stm32f4xx_usart.o(i.USART_GetFlagStatus)
    USART_GetITStatus                        0x08004ad9   Thumb Code    62  stm32f4xx_usart.o(i.USART_GetITStatus)
    USART_ITConfig                           0x08004b17   Thumb Code    48  stm32f4xx_usart.o(i.USART_ITConfig)
    USART_Init                               0x08004b49   Thumb Code   164  stm32f4xx_usart.o(i.USART_Init)
    USART_ReceiveData                        0x08004bf5   Thumb Code     8  stm32f4xx_usart.o(i.USART_ReceiveData)
    USART_SendData                           0x08004bfd   Thumb Code     8  stm32f4xx_usart.o(i.USART_SendData)
    Write_IIC_Byte                           0x08004c05   Thumb Code    96  oled.o(i.Write_IIC_Byte)
    Write_IIC_Command                        0x08004c6d   Thumb Code    46  oled.o(i.Write_IIC_Command)
    Write_IIC_Data                           0x08004c9b   Thumb Code    46  oled.o(i.Write_IIC_Data)
    Write_MFRC522                            0x08004cc9   Thumb Code    38  mfrc522.o(i.Write_MFRC522)
    __ARM_fpclassify                         0x08004cf5   Thumb Code    48  fpclassify.o(i.__ARM_fpclassify)
    _is_digit                                0x08004d25   Thumb Code    14  __printf_wp.o(i._is_digit)
    _sys_exit                                0x08004d33   Thumb Code     2  init_usart.o(i._sys_exit)
    add_sfm_admin                            0x08004d35   Thumb Code   192  includes.o(i.add_sfm_admin)
    bcc_check                                0x08004ee1   Thumb Code    24  sfm.o(i.bcc_check)
    beep_init                                0x08004ef9   Thumb Code    56  beep.o(i.beep_init)
    del_sfm_admin                            0x08004f39   Thumb Code    62  includes.o(i.del_sfm_admin)
    delay_ms                                 0x08004fd1   Thumb Code     4  sfm.o(i.delay_ms)
    delay_xms                                0x08004fd5   Thumb Code    46  delay.o(i.delay_xms)
    delay_xus                                0x08005009   Thumb Code    42  delay.o(i.delay_xus)
    display                                  0x0800503d   Thumb Code   104  includes.o(i.display)
    exti_key_sta_get                         0x080050ad   Thumb Code    48  key.o(i.exti_key_sta_get)
    flash_erase_record                       0x080050e5   Thumb Code    34  includes.o(i.flash_erase_record)
    flash_read_record                        0x08005151   Thumb Code    28  includes.o(i.flash_read_record)
    flash_write_record                       0x08005171   Thumb Code    60  includes.o(i.flash_write_record)
    fputc                                    0x080051e5   Thumb Code    30  init_usart.o(i.fputc)
    get_key_status                           0x08005209   Thumb Code   464  key.o(i.get_key_status)
    get_sfm_admin                            0x0800543d   Thumb Code    62  includes.o(i.get_sfm_admin)
    key_init                                 0x080054d1   Thumb Code    58  key.o(i.key_init)
    key_stabilize                            0x08005519   Thumb Code   126  key.o(i.key_stabilize)
    loop_get_key_sta                         0x080055b1   Thumb Code   730  key.o(i.loop_get_key_sta)
    main                                     0x080058f5   Thumb Code  1304  main.o(i.main)
    matrix_key_init                          0x08005e15   Thumb Code   194  key.o(i.matrix_key_init)
    paj7620u2_init                           0x08005f01   Thumb Code    56  paj7620.o(i.paj7620u2_init)
    paj7620u2_selectBank                     0x08005f3d   Thumb Code    20  paj7620.o(i.paj7620u2_selectBank)
    paj7620u2_wakeup                         0x08005f51   Thumb Code    46  paj7620.o(i.paj7620u2_wakeup)
    rc522_spi_send                           0x08005f81   Thumb Code    84  mfrc522.o(i.rc522_spi_send)
    sda_pin_mode                             0x08005fdd   Thumb Code    26  oled.o(i.sda_pin_mode)
    search_unlock_record_admin               0x08006001   Thumb Code   164  includes.o(i.search_unlock_record_admin)
    sfm_compare_users                        0x080060fd   Thumb Code   130  sfm.o(i.sfm_compare_users)
    sfm_ctrl_led                             0x08006191   Thumb Code   124  sfm.o(i.sfm_ctrl_led)
    sfm_del_user_all                         0x0800621d   Thumb Code   114  sfm.o(i.sfm_del_user_all)
    sfm_error_code                           0x080062a1   Thumb Code    94  sfm.o(i.sfm_error_code)
    sfm_get_unused_id                        0x080063ad   Thumb Code   126  sfm.o(i.sfm_get_unused_id)
    sfm_get_user_total                       0x0800643d   Thumb Code   124  sfm.o(i.sfm_get_user_total)
    sfm_init                                 0x080064c9   Thumb Code    20  sfm.o(i.sfm_init)
    sfm_reg_user                             0x080064dd   Thumb Code   354  sfm.o(i.sfm_reg_user)
    sfm_touch_check                          0x08006651   Thumb Code   114  sfm.o(i.sfm_touch_check)
    sfm_touch_init                           0x080066d5   Thumb Code    44  sfm.o(i.sfm_touch_init)
    sg_angle                                 0x08006705   Thumb Code   134  sg90.o(i.sg_angle)
    sg_init                                  0x080067b5   Thumb Code   138  sg90.o(i.sg_init)
    usart1_init                              0x08006851   Thumb Code   140  init_usart.o(i.usart1_init)
    usart2_init                              0x080068ed   Thumb Code   140  init_usart.o(i.usart2_init)
    usart3_init                              0x08006989   Thumb Code   140  init_usart.o(i.usart3_init)
    usart_send_bytes                         0x08006a25   Thumb Code    46  init_usart.o(i.usart_send_bytes)
    usart_send_str                           0x08006a53   Thumb Code    44  init_usart.o(i.usart_send_str)
    usart_str_load                           0x08006a81   Thumb Code   768  includes.o(i.usart_str_load)
    _get_lc_ctype                            0x08006edd   Thumb Code    44  lc_ctype_c.o(locale$$code)
    _get_lc_numeric                          0x08006f09   Thumb Code    44  lc_numeric_c.o(locale$$code)
    __aeabi_ddiv                             0x08006f35   Thumb Code     0  ddiv.o(x$fpl$ddiv)
    _ddiv                                    0x08006f35   Thumb Code   552  ddiv.o(x$fpl$ddiv)
    __aeabi_d2uiz                            0x080071e5   Thumb Code     0  dfixu.o(x$fpl$dfixu)
    _dfixu                                   0x080071e5   Thumb Code    90  dfixu.o(x$fpl$dfixu)
    __aeabi_ui2d                             0x0800723f   Thumb Code     0  dflt_clz.o(x$fpl$dfltu)
    _dfltu                                   0x0800723f   Thumb Code    38  dflt_clz.o(x$fpl$dfltu)
    __aeabi_dmul                             0x08007265   Thumb Code     0  dmul.o(x$fpl$dmul)
    _dmul                                    0x08007265   Thumb Code   332  dmul.o(x$fpl$dmul)
    __fpl_dnaninf                            0x080073b9   Thumb Code   156  dnaninf.o(x$fpl$dnaninf)
    __fpl_dretinf                            0x08007455   Thumb Code    12  dretinf.o(x$fpl$dretinf)
    _fp_init                                 0x08007461   Thumb Code    10  fpinit.o(x$fpl$fpinit)
    __fplib_config_fpu_vfp                   0x08007469   Thumb Code     0  fpinit.o(x$fpl$fpinit)
    __fplib_config_pureend_doubles           0x08007469   Thumb Code     0  fpinit.o(x$fpl$fpinit)
    _printf_fp_dec                           0x0800746b   Thumb Code     4  printf1.o(x$fpl$printf1)
    _printf_fp_hex                           0x0800746f   Thumb Code     4  printf2.o(x$fpl$printf2)
    __I$use$fp                               0x08007472   Number         0  usenofp.o(x$fpl$usenofp)
    F6x8                                     0x080074b5   Data         552  oled.o(.constdata)
    F8X16                                    0x080076dd   Data        1520  oled.o(.constdata)
    Region$$Table$$Base                      0x08007e78   Number         0  anon$$obj.o(Region$$Table)
    Region$$Table$$Limit                     0x08007e98   Number         0  anon$$obj.o(Region$$Table)
    __ctype                                  0x08007ea5   Data           0  lc_ctype_c.o(locale$$data)
    hand                                     0x200000ab   Data         512  includes.o(.data)
    start_sta1                               0x200002ab   Data        1024  includes.o(.data)
    start_sta2                               0x200006ab   Data        1024  includes.o(.data)
    start_sta3                               0x20000aab   Data        1024  includes.o(.data)
    start_sta4                               0x20000eab   Data        1024  includes.o(.data)
    start_sta5                               0x200012ab   Data        1024  includes.o(.data)
    start_init                               0x200016ab   Data        1024  includes.o(.data)
    lock                                     0x20001aab   Data         400  includes.o(.data)
    RFID                                     0x20001c3b   Data         240  includes.o(.data)
    BLE                                      0x20001d2b   Data         384  includes.o(.data)
    touch                                    0x20001eab   Data         384  includes.o(.data)
    house                                    0x2000202b   Data         512  includes.o(.data)
    g_usart2_rx_cnt                          0x20002244   Data           4  init_usart.o(.data)
    g_usart2_rx_end                          0x20002248   Data           4  init_usart.o(.data)
    __stdout                                 0x2000224c   Data           4  init_usart.o(.data)
    Hzk                                      0x200022ac   Data        9216  oled.o(.data)
    SystemCoreClock                          0x200046c8   Data           4  system_stm32f4xx.o(.data)
    AHBPrescTable                            0x200046cc   Data          16  system_stm32f4xx.o(.data)
    g_usart2_rx_buf                          0x20004864   Data         512  init_usart.o(.bss)
    _random_number_data                      0x20004ab4   Data         228  rand.o(.bss)
    __libspace_start                         0x20004b98   Data          96  libspace.o(.bss)
    __temporary_stack_top$libspace           0x20004bf8   Data           0  libspace.o(.bss)



==============================================================================

Memory Map of the image

  Image Entry point : 0x08000355

  Load Region LR_1 (Base: 0x08000000, Size: 0x0000c6a4, Max: 0xffffffff, ABSOLUTE, COMPRESSED[0x00009060])

    Execution Region ER_RO (Base: 0x08000000, Size: 0x00007fc4, Max: 0xffffffff, ABSOLUTE)

    Base Addr    Size         Type   Attr      Idx    E Section Name        Object

    0x08000000   0x00000188   Data   RO         4359    RESET               startup_stm32f40_41xxx.o
    0x08000188   0x00000008   Code   RO         4493  * !!!main             c_w.l(__main.o)
    0x08000190   0x00000034   Code   RO         4798    !!!scatter          c_w.l(__scatter.o)
    0x080001c4   0x00000064   Code   RO         4796    !!dclz77c           c_w.l(__dclz77c.o)
    0x08000228   0x0000001c   Code   RO         4800    !!handler_zi        c_w.l(__scatter_zi.o)
    0x08000244   0x00000000   Code   RO         4472    .ARM.Collect$$_printf_percent$$00000000  c_w.l(_printf_percent.o)
    0x08000244   0x00000006   Code   RO         4542    .ARM.Collect$$_printf_percent$$00000001  c_w.l(_printf_n.o)
    0x0800024a   0x00000006   Code   RO         4543    .ARM.Collect$$_printf_percent$$00000002  c_w.l(_printf_p.o)
    0x08000250   0x00000006   Code   RO         4547    .ARM.Collect$$_printf_percent$$00000003  c_w.l(_printf_f.o)
    0x08000256   0x00000006   Code   RO         4548    .ARM.Collect$$_printf_percent$$00000004  c_w.l(_printf_e.o)
    0x0800025c   0x00000006   Code   RO         4549    .ARM.Collect$$_printf_percent$$00000005  c_w.l(_printf_g.o)
    0x08000262   0x00000006   Code   RO         4550    .ARM.Collect$$_printf_percent$$00000006  c_w.l(_printf_a.o)
    0x08000268   0x0000000a   Code   RO         4555    .ARM.Collect$$_printf_percent$$00000007  c_w.l(_printf_ll.o)
    0x08000272   0x00000006   Code   RO         4545    .ARM.Collect$$_printf_percent$$00000008  c_w.l(_printf_i.o)
    0x08000278   0x00000006   Code   RO         4471    .ARM.Collect$$_printf_percent$$00000009  c_w.l(_printf_d.o)
    0x0800027e   0x00000006   Code   RO         4546    .ARM.Collect$$_printf_percent$$0000000A  c_w.l(_printf_u.o)
    0x08000284   0x00000006   Code   RO         4544    .ARM.Collect$$_printf_percent$$0000000B  c_w.l(_printf_o.o)
    0x0800028a   0x00000006   Code   RO         4470    .ARM.Collect$$_printf_percent$$0000000C  c_w.l(_printf_x.o)
    0x08000290   0x00000006   Code   RO         4552    .ARM.Collect$$_printf_percent$$0000000D  c_w.l(_printf_lli.o)
    0x08000296   0x00000006   Code   RO         4553    .ARM.Collect$$_printf_percent$$0000000E  c_w.l(_printf_lld.o)
    0x0800029c   0x00000006   Code   RO         4554    .ARM.Collect$$_printf_percent$$0000000F  c_w.l(_printf_llu.o)
    0x080002a2   0x00000006   Code   RO         4559    .ARM.Collect$$_printf_percent$$00000010  c_w.l(_printf_llo.o)
    0x080002a8   0x00000006   Code   RO         4560    .ARM.Collect$$_printf_percent$$00000011  c_w.l(_printf_llx.o)
    0x080002ae   0x0000000a   Code   RO         4556    .ARM.Collect$$_printf_percent$$00000012  c_w.l(_printf_l.o)
    0x080002b8   0x00000006   Code   RO         4468    .ARM.Collect$$_printf_percent$$00000013  c_w.l(_printf_c.o)
    0x080002be   0x00000006   Code   RO         4469    .ARM.Collect$$_printf_percent$$00000014  c_w.l(_printf_s.o)
    0x080002c4   0x00000006   Code   RO         4557    .ARM.Collect$$_printf_percent$$00000015  c_w.l(_printf_lc.o)
    0x080002ca   0x00000006   Code   RO         4558    .ARM.Collect$$_printf_percent$$00000016  c_w.l(_printf_ls.o)
    0x080002d0   0x00000004   Code   RO         4551    .ARM.Collect$$_printf_percent$$00000017  c_w.l(_printf_percent_end.o)
    0x080002d4   0x00000002   Code   RO         4723    .ARM.Collect$$libinit$$00000000  c_w.l(libinit.o)
    0x080002d6   0x00000004   Code   RO         4565    .ARM.Collect$$libinit$$00000001  c_w.l(libinit2.o)
    0x080002da   0x00000000   Code   RO         4568    .ARM.Collect$$libinit$$00000004  c_w.l(libinit2.o)
    0x080002da   0x00000000   Code   RO         4571    .ARM.Collect$$libinit$$0000000A  c_w.l(libinit2.o)
    0x080002da   0x00000000   Code   RO         4573    .ARM.Collect$$libinit$$0000000C  c_w.l(libinit2.o)
    0x080002da   0x00000004   Code   RO         4574    .ARM.Collect$$libinit$$0000000D  c_w.l(libinit2.o)
    0x080002de   0x00000000   Code   RO         4575    .ARM.Collect$$libinit$$0000000E  c_w.l(libinit2.o)
    0x080002de   0x00000006   Code   RO         4576    .ARM.Collect$$libinit$$0000000F  c_w.l(libinit2.o)
    0x080002e4   0x00000000   Code   RO         4578    .ARM.Collect$$libinit$$00000011  c_w.l(libinit2.o)
    0x080002e4   0x0000000c   Code   RO         4579    .ARM.Collect$$libinit$$00000012  c_w.l(libinit2.o)
    0x080002f0   0x00000000   Code   RO         4580    .ARM.Collect$$libinit$$00000013  c_w.l(libinit2.o)
    0x080002f0   0x00000000   Code   RO         4582    .ARM.Collect$$libinit$$00000015  c_w.l(libinit2.o)
    0x080002f0   0x0000000a   Code   RO         4583    .ARM.Collect$$libinit$$00000016  c_w.l(libinit2.o)
    0x080002fa   0x00000000   Code   RO         4584    .ARM.Collect$$libinit$$00000017  c_w.l(libinit2.o)
    0x080002fa   0x00000000   Code   RO         4586    .ARM.Collect$$libinit$$00000019  c_w.l(libinit2.o)
    0x080002fa   0x00000000   Code   RO         4588    .ARM.Collect$$libinit$$0000001B  c_w.l(libinit2.o)
    0x080002fa   0x00000000   Code   RO         4590    .ARM.Collect$$libinit$$0000001D  c_w.l(libinit2.o)
    0x080002fa   0x00000000   Code   RO         4592    .ARM.Collect$$libinit$$0000001F  c_w.l(libinit2.o)
    0x080002fa   0x00000000   Code   RO         4594    .ARM.Collect$$libinit$$00000021  c_w.l(libinit2.o)
    0x080002fa   0x00000000   Code   RO         4596    .ARM.Collect$$libinit$$00000023  c_w.l(libinit2.o)
    0x080002fa   0x00000000   Code   RO         4598    .ARM.Collect$$libinit$$00000025  c_w.l(libinit2.o)
    0x080002fa   0x00000000   Code   RO         4602    .ARM.Collect$$libinit$$0000002C  c_w.l(libinit2.o)
    0x080002fa   0x00000000   Code   RO         4604    .ARM.Collect$$libinit$$0000002E  c_w.l(libinit2.o)
    0x080002fa   0x00000000   Code   RO         4606    .ARM.Collect$$libinit$$00000030  c_w.l(libinit2.o)
    0x080002fa   0x00000000   Code   RO         4608    .ARM.Collect$$libinit$$00000032  c_w.l(libinit2.o)
    0x080002fa   0x00000002   Code   RO         4609    .ARM.Collect$$libinit$$00000033  c_w.l(libinit2.o)
    0x080002fc   0x00000002   Code   RO         4760    .ARM.Collect$$libshutdown$$00000000  c_w.l(libshutdown.o)
    0x080002fe   0x00000000   Code   RO         4765    .ARM.Collect$$libshutdown$$00000003  c_w.l(libshutdown2.o)
    0x080002fe   0x00000000   Code   RO         4768    .ARM.Collect$$libshutdown$$00000006  c_w.l(libshutdown2.o)
    0x080002fe   0x00000000   Code   RO         4771    .ARM.Collect$$libshutdown$$00000009  c_w.l(libshutdown2.o)
    0x080002fe   0x00000000   Code   RO         4773    .ARM.Collect$$libshutdown$$0000000B  c_w.l(libshutdown2.o)
    0x080002fe   0x00000000   Code   RO         4776    .ARM.Collect$$libshutdown$$0000000E  c_w.l(libshutdown2.o)
    0x080002fe   0x00000002   Code   RO         4777    .ARM.Collect$$libshutdown$$0000000F  c_w.l(libshutdown2.o)
    0x08000300   0x00000000   Code   RO         4511    .ARM.Collect$$rtentry$$00000000  c_w.l(__rtentry.o)
    0x08000300   0x00000000   Code   RO         4627    .ARM.Collect$$rtentry$$00000002  c_w.l(__rtentry2.o)
    0x08000300   0x00000006   Code   RO         4639    .ARM.Collect$$rtentry$$00000004  c_w.l(__rtentry4.o)
    0x08000306   0x00000000   Code   RO         4629    .ARM.Collect$$rtentry$$00000009  c_w.l(__rtentry2.o)
    0x08000306   0x00000004   Code   RO         4630    .ARM.Collect$$rtentry$$0000000A  c_w.l(__rtentry2.o)
    0x0800030a   0x00000000   Code   RO         4632    .ARM.Collect$$rtentry$$0000000C  c_w.l(__rtentry2.o)
    0x0800030a   0x00000008   Code   RO         4633    .ARM.Collect$$rtentry$$0000000D  c_w.l(__rtentry2.o)
    0x08000312   0x00000002   Code   RO         4730    .ARM.Collect$$rtexit$$00000000  c_w.l(rtexit.o)
    0x08000314   0x00000000   Code   RO         4742    .ARM.Collect$$rtexit$$00000002  c_w.l(rtexit2.o)
    0x08000314   0x00000004   Code   RO         4743    .ARM.Collect$$rtexit$$00000003  c_w.l(rtexit2.o)
    0x08000318   0x00000006   Code   RO         4744    .ARM.Collect$$rtexit$$00000004  c_w.l(rtexit2.o)
    0x0800031e   0x00000002   PAD
    0x08000320   0x00000034   Code   RO         4475    .emb_text           c_w.l(rand.o)
    0x08000354   0x00000040   Code   RO         4360  * .text               startup_stm32f40_41xxx.o
    0x08000394   0x00000002   Code   RO         4407    .text               c_w.l(use_no_semi.o)
    0x08000396   0x00000002   PAD
    0x08000398   0x00000018   Code   RO         4409    .text               c_w.l(printf.o)
    0x080003b0   0x00000018   Code   RO         4411    .text               c_w.l(__2printf.o)
    0x080003c8   0x0000002c   Code   RO         4413    .text               c_w.l(__2sprintf.o)
    0x080003f4   0x0000004e   Code   RO         4421    .text               c_w.l(_printf_pad.o)
    0x08000442   0x00000052   Code   RO         4423    .text               c_w.l(_printf_str.o)
    0x08000494   0x00000078   Code   RO         4425    .text               c_w.l(_printf_dec.o)
    0x0800050c   0x00000094   Code   RO         4445    .text               c_w.l(_printf_hex_int_ll_ptr.o)
    0x080005a0   0x00000188   Code   RO         4465    .text               c_w.l(__printf_flags_ss_wp.o)
    0x08000728   0x0000001a   Code   RO         4473    .text               c_w.l(atoi.o)
    0x08000742   0x00000002   PAD
    0x08000744   0x0000003c   Code   RO         4476    .text               c_w.l(rand.o)
    0x08000780   0x0000000c   Code   RO         4480    .text               c_w.l(strtok.o)
    0x0800078c   0x00000024   Code   RO         4483    .text               c_w.l(strstr.o)
    0x080007b0   0x00000058   Code   RO         4485    .text               c_w.l(memcmp.o)
    0x08000808   0x00000044   Code   RO         4487    .text               c_w.l(rt_memclr.o)
    0x0800084c   0x0000004e   Code   RO         4489    .text               c_w.l(rt_memclr_w.o)
    0x0800089a   0x00000006   Code   RO         4491    .text               c_w.l(heapauxi.o)
    0x080008a0   0x00000008   Code   RO         4515    .text               c_w.l(rt_errno_addr_intlibspace.o)
    0x080008a8   0x00000024   Code   RO         4517    .text               c_w.l(_printf_truncate.o)
    0x080008cc   0x000000b2   Code   RO         4519    .text               c_w.l(_printf_intcommon.o)
    0x0800097e   0x00000028   Code   RO         4521    .text               c_w.l(_printf_charcount.o)
    0x080009a6   0x00000002   PAD
    0x080009a8   0x00000030   Code   RO         4523    .text               c_w.l(_printf_char_common.o)
    0x080009d8   0x0000000a   Code   RO         4525    .text               c_w.l(_sputc.o)
    0x080009e2   0x0000002c   Code   RO         4527    .text               c_w.l(_printf_char.o)
    0x08000a0e   0x00000002   PAD
    0x08000a10   0x00000024   Code   RO         4529    .text               c_w.l(_printf_char_file.o)
    0x08000a34   0x000000bc   Code   RO         4531    .text               c_w.l(_printf_wctomb.o)
    0x08000af0   0x0000007c   Code   RO         4534    .text               c_w.l(_printf_longlong_dec.o)
    0x08000b6c   0x00000070   Code   RO         4540    .text               c_w.l(_printf_oct_int_ll.o)
    0x08000bdc   0x00000070   Code   RO         4561    .text               c_w.l(strtol.o)
    0x08000c4c   0x00000044   Code   RO         4563    .text               c_w.l(strtok_int.o)
    0x08000c90   0x00000008   Code   RO         4623    .text               c_w.l(libspace.o)
    0x08000c98   0x00000010   Code   RO         4641    .text               c_w.l(rt_ctype_table.o)
    0x08000ca8   0x0000008a   Code   RO         4643    .text               c_w.l(lludiv10.o)
    0x08000d32   0x0000041a   Code   RO         4645    .text               c_w.l(_printf_fp_dec.o)
    0x0800114c   0x000002fc   Code   RO         4647    .text               c_w.l(_printf_fp_hex.o)
    0x08001448   0x0000002c   Code   RO         4652    .text               c_w.l(_printf_wchar.o)
    0x08001474   0x0000009e   Code   RO         4654    .text               c_w.l(_strtoul.o)
    0x08001512   0x00000008   Code   RO         4656    .text               c_w.l(ferror.o)
    0x0800151a   0x00000040   Code   RO         4660    .text               c_w.l(_wcrtomb.o)
    0x0800155a   0x00000020   Code   RO         4662    .text               c_w.l(strcspn.o)
    0x0800157a   0x0000001c   Code   RO         4664    .text               c_w.l(strspn.o)
    0x08001596   0x0000004a   Code   RO         4670    .text               c_w.l(sys_stackheap_outer.o)
    0x080015e0   0x00000008   Code   RO         4675    .text               c_w.l(rt_locale_intlibspace.o)
    0x080015e8   0x00000080   Code   RO         4677    .text               c_w.l(_printf_fp_infnan.o)
    0x08001668   0x0000001c   Code   RO         4679    .text               c_w.l(_chval.o)
    0x08001684   0x000000dc   Code   RO         4681    .text               c_w.l(bigflt0.o)
    0x08001760   0x0000000c   Code   RO         4712    .text               c_w.l(exit.o)
    0x0800176c   0x00000080   Code   RO         4738    .text               c_w.l(strcmpv7m.o)
    0x080017ec   0x0000003e   Code   RO         4684    CL$$btod_d2e        c_w.l(btod.o)
    0x0800182a   0x00000046   Code   RO         4686    CL$$btod_d2e_denorm_low  c_w.l(btod.o)
    0x08001870   0x00000060   Code   RO         4685    CL$$btod_d2e_norm_op1  c_w.l(btod.o)
    0x080018d0   0x00000338   Code   RO         4694    CL$$btod_div_common  c_w.l(btod.o)
    0x08001c08   0x000000c6   Code   RO         4691    CL$$btod_e2e        c_w.l(btod.o)
    0x08001cce   0x00000028   Code   RO         4688    CL$$btod_ediv       c_w.l(btod.o)
    0x08001cf6   0x00000028   Code   RO         4687    CL$$btod_emul       c_w.l(btod.o)
    0x08001d1e   0x00000244   Code   RO         4693    CL$$btod_mult_common  c_w.l(btod.o)
    0x08001f62   0x0000001a   Code   RO          974    i.AntennaOn         mfrc522.o
    0x08001f7c   0x00000070   Code   RO          975    i.CalulateCRC       mfrc522.o
    0x08001fec   0x00000018   Code   RO          976    i.ClearBitMask      mfrc522.o
    0x08002004   0x00000044   Code   RO          671    i.DHT11_INIT        dht11.o
    0x08002048   0x00000a84   Code   RO          213    i.Display_func      includes.o
    0x08002acc   0x00000110   Code   RO          214    i.Display_menu      includes.o
    0x08002bdc   0x00000190   Code   RO          215    i.Display_start     includes.o
    0x08002d6c   0x0000000c   Code   RO         2040    i.EXTI_ClearITPendingBit  stm32f4xx_exti.o
    0x08002d78   0x00000070   Code   RO         2045    i.EXTI_Init         stm32f4xx_exti.o
    0x08002de8   0x0000000c   Code   RO         2105    i.FLASH_ClearFlag   stm32f4xx_flash.o
    0x08002df4   0x0000006c   Code   RO         2111    i.FLASH_EraseSector  stm32f4xx_flash.o
    0x08002e60   0x0000003c   Code   RO         2113    i.FLASH_GetStatus   stm32f4xx_flash.o
    0x08002e9c   0x0000003c   Code   RO         2141    i.FLASH_ProgramWord  stm32f4xx_flash.o
    0x08002ed8   0x00000024   Code   RO         2143    i.FLASH_Unlock      stm32f4xx_flash.o
    0x08002efc   0x0000001e   Code   RO         2144    i.FLASH_WaitForLastOperation  stm32f4xx_flash.o
    0x08002f1a   0x00000078   Code   RO         2364    i.GPIO_Init         stm32f4xx_gpio.o
    0x08002f92   0x00000020   Code   RO         2365    i.GPIO_PinAFConfig  stm32f4xx_gpio.o
    0x08002fb2   0x0000000e   Code   RO         2368    i.GPIO_ReadInputDataBit  stm32f4xx_gpio.o
    0x08002fc0   0x00000004   Code   RO         2371    i.GPIO_ResetBits    stm32f4xx_gpio.o
    0x08002fc4   0x00000004   Code   RO         2372    i.GPIO_SetBits      stm32f4xx_gpio.o
    0x08002fc8   0x0000000a   Code   RO         2376    i.GPIO_WriteBit     stm32f4xx_gpio.o
    0x08002fd2   0x00000002   PAD
    0x08002fd4   0x000000b8   Code   RO         1425    i.GS_IIC_Read_Byte  paj7620_iic.o
    0x0800308c   0x00000068   Code   RO         1426    i.GS_IIC_Send_Byte  paj7620_iic.o
    0x080030f4   0x00000040   Code   RO         1427    i.GS_IIC_Start      paj7620_iic.o
    0x08003134   0x00000044   Code   RO         1428    i.GS_IIC_Stop       paj7620_iic.o
    0x08003178   0x00000054   Code   RO         1429    i.GS_IIC_Wait_Ack   paj7620_iic.o
    0x080031cc   0x00000044   Code   RO         1430    i.GS_Read_Byte      paj7620_iic.o
    0x08003210   0x0000005c   Code   RO         1431    i.GS_Read_nByte     paj7620_iic.o
    0x0800326c   0x00000014   Code   RO         1432    i.GS_WakeUp         paj7620_iic.o
    0x08003280   0x0000003a   Code   RO         1433    i.GS_Write_Byte     paj7620_iic.o
    0x080032ba   0x00000002   PAD
    0x080032bc   0x00000040   Code   RO         1434    i.GS_i2c_init       paj7620_iic.o
    0x080032fc   0x00000088   Code   RO          216    i.Gesture_test      includes.o
    0x08003384   0x00000044   Code   RO         1214    i.IIC_Start         oled.o
    0x080033c8   0x00000038   Code   RO         1215    i.IIC_Stop          oled.o
    0x08003400   0x0000003c   Code   RO         1216    i.IIC_Wait_Ack      oled.o
    0x0800343c   0x00000184   Code   RO          217    i.INIT_FUNC         includes.o
    0x080035c0   0x000000b0   Code   RO          332    i.Init_LED          init_led.o
    0x08003670   0x00000188   Code   RO          978    i.MFRC522Test       mfrc522.o
    0x080037f8   0x0000005c   Code   RO          979    i.MFRC522_Anticoll  mfrc522.o
    0x08003854   0x00000052   Code   RO          980    i.MFRC522_Auth      mfrc522.o
    0x080038a6   0x0000004a   Code   RO          982    i.MFRC522_Initializtion  mfrc522.o
    0x080038f0   0x00000032   Code   RO          983    i.MFRC522_Read      mfrc522.o
    0x08003922   0x0000002e   Code   RO          984    i.MFRC522_Request   mfrc522.o
    0x08003950   0x00000038   Code   RO          985    i.MFRC522_Reset     mfrc522.o
    0x08003988   0x0000006a   Code   RO          986    i.MFRC522_SelectTag  mfrc522.o
    0x080039f2   0x0000011a   Code   RO          987    i.MFRC522_ToCard    mfrc522.o
    0x08003b0c   0x00000084   Code   RO          988    i.MFRC522_Write     mfrc522.o
    0x08003b90   0x00000064   Code   RO         1637    i.NVIC_Init         misc.o
    0x08003bf4   0x00000014   Code   RO         1638    i.NVIC_PriorityGroupConfig  misc.o
    0x08003c08   0x0000003a   Code   RO         1217    i.OLED_Clear        oled.o
    0x08003c42   0x00000040   Code   RO         1220    i.OLED_DrawBMP      oled.o
    0x08003c82   0x00000002   PAD
    0x08003c84   0x00000144   Code   RO         1221    i.OLED_Init         oled.o
    0x08003dc8   0x0000002a   Code   RO         1223    i.OLED_Set_Pos      oled.o
    0x08003df2   0x00000002   PAD
    0x08003df4   0x00000050   Code   RO         1224    i.OLED_ShowCHinese  oled.o
    0x08003e44   0x00000088   Code   RO         1225    i.OLED_ShowChar     oled.o
    0x08003ecc   0x00000036   Code   RO         1227    i.OLED_ShowString   oled.o
    0x08003f02   0x0000000c   Code   RO         1228    i.OLED_WR_Byte      oled.o
    0x08003f0e   0x00000002   PAD
    0x08003f10   0x0000000c   Code   RO         2519    i.PWR_BackupAccessCmd  stm32f4xx_pwr.o
    0x08003f1c   0x00000018   Code   RO         2633    i.RCC_AHB1PeriphClockCmd  stm32f4xx_rcc.o
    0x08003f34   0x00000018   Code   RO         2642    i.RCC_APB1PeriphClockCmd  stm32f4xx_rcc.o
    0x08003f4c   0x00000018   Code   RO         2645    i.RCC_APB2PeriphClockCmd  stm32f4xx_rcc.o
    0x08003f64   0x00000090   Code   RO         2654    i.RCC_GetClocksFreq  stm32f4xx_rcc.o
    0x08003ff4   0x00000034   Code   RO         2655    i.RCC_GetFlagStatus  stm32f4xx_rcc.o
    0x08004028   0x0000000c   Code   RO         2664    i.RCC_LSICmd        stm32f4xx_rcc.o
    0x08004034   0x0000000c   Code   RO         2676    i.RCC_RTCCLKCmd     stm32f4xx_rcc.o
    0x08004040   0x00000030   Code   RO         2677    i.RCC_RTCCLKConfig  stm32f4xx_rcc.o
    0x08004070   0x00000012   Code   RO         2968    i.RTC_Bcd2ToByte    stm32f4xx_rtc.o
    0x08004082   0x00000018   Code   RO         2970    i.RTC_ByteToBcd2    stm32f4xx_rtc.o
    0x0800409a   0x00000002   PAD
    0x0800409c   0x000000d4   Code   RO          775    i.RTC_CONFIG        rtc.o
    0x08004170   0x0000001c   Code   RO         2974    i.RTC_ClearITPendingBit  stm32f4xx_rtc.o
    0x0800418c   0x0000003c   Code   RO         2980    i.RTC_EnterInitMode  stm32f4xx_rtc.o
    0x080041c8   0x00000010   Code   RO         2981    i.RTC_ExitInitMode  stm32f4xx_rtc.o
    0x080041d8   0x0000004c   Code   RO         2984    i.RTC_GetDate       stm32f4xx_rtc.o
    0x08004224   0x00000038   Code   RO         2986    i.RTC_GetITStatus   stm32f4xx_rtc.o
    0x0800425c   0x00000050   Code   RO         2989    i.RTC_GetTime       stm32f4xx_rtc.o
    0x080042ac   0x00000040   Code   RO         2993    i.RTC_ITConfig      stm32f4xx_rtc.o
    0x080042ec   0x00000050   Code   RO         2994    i.RTC_Init          stm32f4xx_rtc.o
    0x0800433c   0x000000c0   Code   RO          777    i.RTC_RST_CONFIG    rtc.o
    0x080043fc   0x00000014   Code   RO         2997    i.RTC_ReadBackupRegister  stm32f4xx_rtc.o
    0x08004410   0x00000098   Code   RO         3000    i.RTC_SetDate       stm32f4xx_rtc.o
    0x080044a8   0x000000a0   Code   RO         3001    i.RTC_SetTime       stm32f4xx_rtc.o
    0x08004548   0x0000001c   Code   RO         3002    i.RTC_SetWakeUpCounter  stm32f4xx_rtc.o
    0x08004564   0x0000002c   Code   RO            4    i.RTC_WKUP_IRQHandler  main.o
    0x08004590   0x0000004c   Code   RO         3017    i.RTC_WaitForSynchro  stm32f4xx_rtc.o
    0x080045dc   0x00000028   Code   RO         3018    i.RTC_WakeUpClockConfig  stm32f4xx_rtc.o
    0x08004604   0x00000058   Code   RO         3019    i.RTC_WakeUpCmd     stm32f4xx_rtc.o
    0x0800465c   0x00000014   Code   RO         3020    i.RTC_WriteBackupRegister  stm32f4xx_rtc.o
    0x08004670   0x0000002c   Code   RO          989    i.Read_MFRC522      mfrc522.o
    0x0800469c   0x00000006   Code   RO          990    i.SPI3_Receive      mfrc522.o
    0x080046a2   0x00000002   PAD
    0x080046a4   0x00000098   Code   RO          992    i.STM32_SPI3_Init   mfrc522.o
    0x0800473c   0x00000018   Code   RO          993    i.SetBitMask        mfrc522.o
    0x08004754   0x000000b4   Code   RO         4367    i.SetSysClock       system_stm32f4xx.o
    0x08004808   0x0000005c   Code   RO         4369    i.SystemInit        system_stm32f4xx.o
    0x08004864   0x00000014   Code   RO         3553    i.TIM_ARRPreloadConfig  stm32f4xx_tim.o
    0x08004878   0x00000014   Code   RO         3565    i.TIM_Cmd           stm32f4xx_tim.o
    0x0800488c   0x00000060   Code   RO         3594    i.TIM_OC1Init       stm32f4xx_tim.o
    0x080048ec   0x0000000c   Code   RO         3597    i.TIM_OC1PreloadConfig  stm32f4xx_tim.o
    0x080048f8   0x00000004   Code   RO         3627    i.TIM_SetCompare1   stm32f4xx_tim.o
    0x080048fc   0x0000007c   Code   RO         3637    i.TIM_TimeBaseInit  stm32f4xx_tim.o
    0x08004978   0x00000054   Code   RO            5    i.USART1_IRQHandler  main.o
    0x080049cc   0x00000070   Code   RO            6    i.USART2_IRQHandler  main.o
    0x08004a3c   0x00000068   Code   RO            7    i.USART3_IRQHandler  main.o
    0x08004aa4   0x00000006   Code   RO         4102    i.USART_ClearFlag   stm32f4xx_usart.o
    0x08004aaa   0x0000000c   Code   RO         4103    i.USART_ClearITPendingBit  stm32f4xx_usart.o
    0x08004ab6   0x00000014   Code   RO         4106    i.USART_Cmd         stm32f4xx_usart.o
    0x08004aca   0x0000000e   Code   RO         4109    i.USART_GetFlagStatus  stm32f4xx_usart.o
    0x08004ad8   0x0000003e   Code   RO         4110    i.USART_GetITStatus  stm32f4xx_usart.o
    0x08004b16   0x00000030   Code   RO         4112    i.USART_ITConfig    stm32f4xx_usart.o
    0x08004b46   0x00000002   PAD
    0x08004b48   0x000000ac   Code   RO         4113    i.USART_Init        stm32f4xx_usart.o
    0x08004bf4   0x00000008   Code   RO         4120    i.USART_ReceiveData  stm32f4xx_usart.o
    0x08004bfc   0x00000008   Code   RO         4123    i.USART_SendData    stm32f4xx_usart.o
    0x08004c04   0x00000068   Code   RO         1229    i.Write_IIC_Byte    oled.o
    0x08004c6c   0x0000002e   Code   RO         1230    i.Write_IIC_Command  oled.o
    0x08004c9a   0x0000002e   Code   RO         1231    i.Write_IIC_Data    oled.o
    0x08004cc8   0x0000002c   Code   RO          994    i.Write_MFRC522     mfrc522.o
    0x08004cf4   0x00000030   Code   RO         4726    i.__ARM_fpclassify  m_wm.l(fpclassify.o)
    0x08004d24   0x0000000e   Code   RO         4458    i._is_digit         c_w.l(__printf_wp.o)
    0x08004d32   0x00000002   Code   RO          490    i._sys_exit         init_usart.o
    0x08004d34   0x000001ac   Code   RO          219    i.add_sfm_admin     includes.o
    0x08004ee0   0x00000018   Code   RO         1498    i.bcc_check         sfm.o
    0x08004ef8   0x00000040   Code   RO          461    i.beep_init         beep.o
    0x08004f38   0x00000098   Code   RO          220    i.del_sfm_admin     includes.o
    0x08004fd0   0x00000004   Code   RO         1499    i.delay_ms          sfm.o
    0x08004fd4   0x00000034   Code   RO          578    i.delay_xms         delay.o
    0x08005008   0x00000034   Code   RO          579    i.delay_xus         delay.o
    0x0800503c   0x00000070   Code   RO          221    i.display           includes.o
    0x080050ac   0x00000038   Code   RO          362    i.exti_key_sta_get  key.o
    0x080050e4   0x0000006c   Code   RO          222    i.flash_erase_record  includes.o
    0x08005150   0x00000020   Code   RO          223    i.flash_read_record  includes.o
    0x08005170   0x00000074   Code   RO          224    i.flash_write_record  includes.o
    0x080051e4   0x00000024   Code   RO          492    i.fputc             init_usart.o
    0x08005208   0x00000234   Code   RO          363    i.get_key_status    key.o
    0x0800543c   0x00000094   Code   RO          225    i.get_sfm_admin     includes.o
    0x080054d0   0x00000048   Code   RO          364    i.key_init          key.o
    0x08005518   0x00000098   Code   RO          365    i.key_stabilize     key.o
    0x080055b0   0x00000344   Code   RO          366    i.loop_get_key_sta  key.o
    0x080058f4   0x00000520   Code   RO            8    i.main              main.o
    0x08005e14   0x000000ec   Code   RO          367    i.matrix_key_init   key.o
    0x08005f00   0x0000003c   Code   RO         1376    i.paj7620u2_init    paj7620.o
    0x08005f3c   0x00000014   Code   RO         1377    i.paj7620u2_selectBank  paj7620.o
    0x08005f50   0x0000002e   Code   RO         1378    i.paj7620u2_wakeup  paj7620.o
    0x08005f7e   0x00000002   PAD
    0x08005f80   0x0000005c   Code   RO          995    i.rc522_spi_send    mfrc522.o
    0x08005fdc   0x00000024   Code   RO         1234    i.sda_pin_mode      oled.o
    0x08006000   0x000000fc   Code   RO          226    i.search_unlock_record_admin  includes.o
    0x080060fc   0x00000094   Code   RO         1500    i.sfm_compare_users  sfm.o
    0x08006190   0x0000008c   Code   RO         1501    i.sfm_ctrl_led      sfm.o
    0x0800621c   0x00000084   Code   RO         1503    i.sfm_del_user_all  sfm.o
    0x080062a0   0x0000010c   Code   RO         1504    i.sfm_error_code    sfm.o
    0x080063ac   0x00000090   Code   RO         1505    i.sfm_get_unused_id  sfm.o
    0x0800643c   0x0000008c   Code   RO         1506    i.sfm_get_user_total  sfm.o
    0x080064c8   0x00000014   Code   RO         1507    i.sfm_init          sfm.o
    0x080064dc   0x00000174   Code   RO         1508    i.sfm_reg_user      sfm.o
    0x08006650   0x00000084   Code   RO         1509    i.sfm_touch_check   sfm.o
    0x080066d4   0x00000030   Code   RO         1510    i.sfm_touch_init    sfm.o
    0x08006704   0x000000b0   Code   RO         1601    i.sg_angle          sg90.o
    0x080067b4   0x0000009c   Code   RO         1602    i.sg_init           sg90.o
    0x08006850   0x0000009c   Code   RO          493    i.usart1_init       init_usart.o
    0x080068ec   0x0000009c   Code   RO          494    i.usart2_init       init_usart.o
    0x08006988   0x0000009c   Code   RO          495    i.usart3_init       init_usart.o
    0x08006a24   0x0000002e   Code   RO          496    i.usart_send_bytes  init_usart.o
    0x08006a52   0x0000002c   Code   RO          497    i.usart_send_str    init_usart.o
    0x08006a7e   0x00000002   PAD
    0x08006a80   0x0000045c   Code   RO          227    i.usart_str_load    includes.o
    0x08006edc   0x0000002c   Code   RO         4707    locale$$code        c_w.l(lc_ctype_c.o)
    0x08006f08   0x0000002c   Code   RO         4710    locale$$code        c_w.l(lc_numeric_c.o)
    0x08006f34   0x000002b0   Code   RO         4496    x$fpl$ddiv          fz_wm.l(ddiv.o)
    0x080071e4   0x0000005a   Code   RO         4499    x$fpl$dfixu         fz_wm.l(dfixu.o)
    0x0800723e   0x00000026   Code   RO         4503    x$fpl$dfltu         fz_wm.l(dflt_clz.o)
    0x08007264   0x00000154   Code   RO         4509    x$fpl$dmul          fz_wm.l(dmul.o)
    0x080073b8   0x0000009c   Code   RO         4610    x$fpl$dnaninf       fz_wm.l(dnaninf.o)
    0x08007454   0x0000000c   Code   RO         4612    x$fpl$dretinf       fz_wm.l(dretinf.o)
    0x08007460   0x0000000a   Code   RO         4668    x$fpl$fpinit        fz_wm.l(fpinit.o)
    0x0800746a   0x00000004   Code   RO         4614    x$fpl$printf1       fz_wm.l(printf1.o)
    0x0800746e   0x00000004   Code   RO         4616    x$fpl$printf2       fz_wm.l(printf2.o)
    0x08007472   0x00000000   Code   RO         4622    x$fpl$usenofp       fz_wm.l(usenofp.o)
    0x08007472   0x00000043   Data   RO          229    .constdata          includes.o
    0x080074b5   0x00000818   Data   RO         1235    .constdata          oled.o
    0x08007ccd   0x000000ac   Data   RO         1379    .constdata          paj7620.o
    0x08007d79   0x00000028   Data   RO         4446    .constdata          c_w.l(_printf_hex_int_ll_ptr.o)
    0x08007da1   0x00000011   Data   RO         4466    .constdata          c_w.l(__printf_flags_ss_wp.o)
    0x08007db2   0x00000002   PAD
    0x08007db4   0x00000008   Data   RO         4532    .constdata          c_w.l(_printf_wctomb.o)
    0x08007dbc   0x00000026   Data   RO         4648    .constdata          c_w.l(_printf_fp_hex.o)
    0x08007de2   0x00000002   PAD
    0x08007de4   0x00000094   Data   RO         4682    .constdata          c_w.l(bigflt0.o)
    0x08007e78   0x00000020   Data   RO         4794    Region$$Table       anon$$obj.o
    0x08007e98   0x00000110   Data   RO         4706    locale$$data        c_w.l(lc_ctype_c.o)
    0x08007fa8   0x0000001c   Data   RO         4709    locale$$data        c_w.l(lc_numeric_c.o)


    Execution Region ER_RW (Base: 0x20000000, Size: 0x000046e0, Max: 0xffffffff, ABSOLUTE, COMPRESSED[0x0000109c])

    Base Addr    Size         Type   Attr      Idx    E Section Name        Object

    0x20000000   0x00000020   Data   RW           10    .data               main.o
    0x20000020   0x0000220b   Data   RW          230    .data               includes.o
    0x2000222b   0x00000001   PAD
    0x2000222c   0x00000008   Data   RW          333    .data               init_led.o
    0x20002234   0x00000008   Data   RW          368    .data               key.o
    0x2000223c   0x00000008   Data   RW          462    .data               beep.o
    0x20002244   0x00000004   Data   RW          504    .data               init_usart.o
    0x20002248   0x00000004   Data   RW          505    .data               init_usart.o
    0x2000224c   0x00000004   Data   RW          508    .data               init_usart.o
    0x20002250   0x0000000c   Data   RW          510    .data               init_usart.o
    0x2000225c   0x00000008   Data   RW          674    .data               dht11.o
    0x20002264   0x00000014   Data   RW          779    .data               rtc.o
    0x20002278   0x0000002c   Data   RW          997    .data               mfrc522.o
    0x200022a4   0x00002408   Data   RW         1236    .data               oled.o
    0x200046ac   0x0000000c   Data   RW         1604    .data               sg90.o
    0x200046b8   0x00000010   Data   RW         2685    .data               stm32f4xx_rcc.o
    0x200046c8   0x00000014   Data   RW         4370    .data               system_stm32f4xx.o
    0x200046dc   0x00000004   Data   RW         4481    .data               c_w.l(strtok.o)


    Execution Region ER_ZI (Base: 0x200046e0, Size: 0x00000b18, Max: 0xffffffff, ABSOLUTE)

    Base Addr    Size         Type   Attr      Idx    E Section Name        Object

    0x200046e0   0x000000f2   Zero   RW            9    .bss                main.o
    0x200047d2   0x00000080   Zero   RW          228    .bss                includes.o
    0x20004852   0x00000002   PAD
    0x20004854   0x00000010   Zero   RW          498    .bss                init_usart.o
    0x20004864   0x00000200   Zero   RW          500    .bss                init_usart.o
    0x20004a64   0x0000001c   Zero   RW          778    .bss                rtc.o
    0x20004a80   0x00000012   Zero   RW          996    .bss                mfrc522.o
    0x20004a92   0x00000002   PAD
    0x20004a94   0x00000020   Zero   RW         1603    .bss                sg90.o
    0x20004ab4   0x000000e4   Zero   RW         4477    .bss                c_w.l(rand.o)
    0x20004b98   0x00000060   Zero   RW         4624    .bss                c_w.l(libspace.o)
    0x20004bf8   0x00000200   Zero   RW         4358    HEAP                startup_stm32f40_41xxx.o
    0x20004df8   0x00000400   Zero   RW         4357    STACK               startup_stm32f40_41xxx.o


==============================================================================

Image component sizes


      Code (inc. data)   RO Data    RW Data    ZI Data      Debug   Object Name

        64          8          0          8          0        764   beep.o
       104         16          0          0          0       1140   delay.o
        68         12          0          8          0        817   dht11.o
      6352       1828         67       8715        128      14974   includes.o
       176         14          0          8          0        835   init_led.o
       596         54          0         24        528       7120   init_usart.o
      1916        296          0          8          0       5988   key.o
      1656        322          0         32        242     345205   main.o
      1836        180          0         44         18      15079   mfrc522.o
       120         14          0          0          0       1803   misc.o
      1186         82       2072       9224          0      10784   oled.o
       126          4        172          0          0       3955   paj7620.o
       806         54          0          0          0       7077   paj7620_iic.o
       404         20          0         20         28       1702   rtc.o
      1572        308          0          0          0       9184   sfm.o
       332         60          0         12         32       1637   sg90.o
        64         26        392          0       1536        888   startup_stm32f40_41xxx.o
       124         10          0          0          0       1825   stm32f4xx_exti.o
       306         32          0          0          0       4744   stm32f4xx_flash.o
       184          0          0          0          0       4651   stm32f4xx_gpio.o
        12          6          0          0          0        594   stm32f4xx_pwr.o
       340         56          0         16          0       7743   stm32f4xx_rcc.o
      1086        104          0          0          0      13866   stm32f4xx_rtc.o
       276         36          0          0          0       5966   stm32f4xx_tim.o
       350          8          0          0          0       7553   stm32f4xx_usart.o
       272         36          0         20          0       2081   system_stm32f4xx.o

    ----------------------------------------------------------------------
     20348       3586       2735      18140       2516     477975   Object Totals
         0          0         32          0          0          0   (incl. Generated)
        20          0          0          1          4          0   (incl. Padding)

    ----------------------------------------------------------------------

      Code (inc. data)   RO Data    RW Data    ZI Data      Debug   Library Member Name

        24          4          0          0          0         84   __2printf.o
        44          6          0          0          0         84   __2sprintf.o
       100          0          0          0          0          0   __dclz77c.o
         8          0          0          0          0         68   __main.o
       392          4         17          0          0         92   __printf_flags_ss_wp.o
        14          0          0          0          0         68   __printf_wp.o
         0          0          0          0          0          0   __rtentry.o
        12          0          0          0          0          0   __rtentry2.o
         6          0          0          0          0          0   __rtentry4.o
        52          8          0          0          0          0   __scatter.o
        28          0          0          0          0          0   __scatter_zi.o
        28          0          0          0          0         68   _chval.o
         6          0          0          0          0          0   _printf_a.o
         6          0          0          0          0          0   _printf_c.o
        44          0          0          0          0        108   _printf_char.o
        48          6          0          0          0         96   _printf_char_common.o
        36          4          0          0          0         80   _printf_char_file.o
        40          0          0          0          0         68   _printf_charcount.o
         6          0          0          0          0          0   _printf_d.o
       120         16          0          0          0         92   _printf_dec.o
         6          0          0          0          0          0   _printf_e.o
         6          0          0          0          0          0   _printf_f.o
      1050          0          0          0          0        216   _printf_fp_dec.o
       764         10         38          0          0        100   _printf_fp_hex.o
       128         16          0          0          0         84   _printf_fp_infnan.o
         6          0          0          0          0          0   _printf_g.o
       148          4         40          0          0        160   _printf_hex_int_ll_ptr.o
         6          0          0          0          0          0   _printf_i.o
       178          0          0          0          0         88   _printf_intcommon.o
        10          0          0          0          0          0   _printf_l.o
         6          0          0          0          0          0   _printf_lc.o
        10          0          0          0          0          0   _printf_ll.o
         6          0          0          0          0          0   _printf_lld.o
         6          0          0          0          0          0   _printf_lli.o
         6          0          0          0          0          0   _printf_llo.o
         6          0          0          0          0          0   _printf_llu.o
         6          0          0          0          0          0   _printf_llx.o
       124         16          0          0          0         92   _printf_longlong_dec.o
         6          0          0          0          0          0   _printf_ls.o
         6          0          0          0          0          0   _printf_n.o
         6          0          0          0          0          0   _printf_o.o
       112          8          0          0          0        124   _printf_oct_int_ll.o
         6          0          0          0          0          0   _printf_p.o
        78          0          0          0          0        108   _printf_pad.o
         0          0          0          0          0          0   _printf_percent.o
         4          0          0          0          0          0   _printf_percent_end.o
         6          0          0          0          0          0   _printf_s.o
        82          0          0          0          0         80   _printf_str.o
        36          0          0          0          0         84   _printf_truncate.o
         6          0          0          0          0          0   _printf_u.o
        44          0          0          0          0        108   _printf_wchar.o
       188          6          8          0          0         92   _printf_wctomb.o
         6          0          0          0          0          0   _printf_x.o
        10          0          0          0          0         68   _sputc.o
       158          0          0          0          0         92   _strtoul.o
        64          0          0          0          0         92   _wcrtomb.o
        26          0          0          0          0         80   atoi.o
       220          4        148          0          0         96   bigflt0.o
      1910        128          0          0          0        672   btod.o
        12          0          0          0          0         72   exit.o
         8          0          0          0          0         68   ferror.o
         6          0          0          0          0        152   heapauxi.o
        44         10        272          0          0         76   lc_ctype_c.o
        44         10         28          0          0         76   lc_numeric_c.o
         2          0          0          0          0          0   libinit.o
        38          0          0          0          0          0   libinit2.o
         2          0          0          0          0          0   libshutdown.o
         2          0          0          0          0          0   libshutdown2.o
         8          4          0          0         96         68   libspace.o
       138          0          0          0          0         80   lludiv10.o
        88          0          0          0          0         76   memcmp.o
        24          4          0          0          0         84   printf.o
       112         18          0          0        228        160   rand.o
        16          4          0          0          0         76   rt_ctype_table.o
         8          4          0          0          0         68   rt_errno_addr_intlibspace.o
         8          4          0          0          0         68   rt_locale_intlibspace.o
        68          0          0          0          0         68   rt_memclr.o
        78          0          0          0          0         80   rt_memclr_w.o
         2          0          0          0          0          0   rtexit.o
        10          0          0          0          0          0   rtexit2.o
       128          0          0          0          0         68   strcmpv7m.o
        32          0          0          0          0         80   strcspn.o
        28          0          0          0          0         80   strspn.o
        36          0          0          0          0         80   strstr.o
        12          6          0          4          0         68   strtok.o
        68          4          0          0          0         84   strtok_int.o
       112          0          0          0          0         88   strtol.o
        74          0          0          0          0         80   sys_stackheap_outer.o
         2          0          0          0          0         68   use_no_semi.o
       688        140          0          0          0        256   ddiv.o
        90          4          0          0          0        140   dfixu.o
        38          0          0          0          0        116   dflt_clz.o
       340         12          0          0          0        152   dmul.o
       156          4          0          0          0        140   dnaninf.o
        12          0          0          0          0        116   dretinf.o
        10          0          0          0          0        116   fpinit.o
         4          0          0          0          0        116   printf1.o
         4          0          0          0          0        116   printf2.o
         0          0          0          0          0          0   usenofp.o
        48          0          0          0          0        124   fpclassify.o

    ----------------------------------------------------------------------
      9070        468        555          4        324       6704   Library Totals
        10          0          4          0          0          0   (incl. Padding)

    ----------------------------------------------------------------------

      Code (inc. data)   RO Data    RW Data    ZI Data      Debug   Library Name

      7670        308        551          4        324       5312   c_w.l
      1342        160          0          0          0       1268   fz_wm.l
        48          0          0          0          0        124   m_wm.l

    ----------------------------------------------------------------------
      9070        468        555          4        324       6704   Library Totals

    ----------------------------------------------------------------------

==============================================================================


      Code (inc. data)   RO Data    RW Data    ZI Data      Debug   

     29418       4054       3290      18144       2840     465463   Grand Totals
     29418       4054       3290       4252       2840     465463   ELF Image Totals (compressed)
     29418       4054       3290       4252          0          0   ROM Totals

==============================================================================

    Total RO  Size (Code + RO Data)                32708 (  31.94kB)
    Total RW  Size (RW Data + ZI Data)             20984 (  20.49kB)
    Total ROM Size (Code + RO Data + RW Data)      36960 (  36.09kB)

==============================================================================

